<?xml version="1.0" encoding="ISO-8859-1" ?>
<link_info>
   <banner>TI ARM Linker PC v20.2.2.LTS</banner>
   <copyright>Copyright (c) 1996-2018 Texas Instruments Incorporated</copyright>
   <link_time>0x601cca44</link_time>
   <link_errors>0x0</link_errors>
   <output_file>WSS.out</output_file>
   <entry_point>
      <name>_c_int00_noinit_noargs</name>
      <address>0x469</address>
   </entry_point>
   <input_file_list>
      <input_file id="fl-2">
         <path>.\</path>
         <kind>object</kind>
         <file>tm4c123gh6pm_startup_ccs.obj</file>
         <name>tm4c123gh6pm_startup_ccs.obj</name>
      </input_file>
      <input_file id="fl-3">
         <path>.\src\</path>
         <kind>object</kind>
         <file>WSS.obj</file>
         <name>WSS.obj</name>
      </input_file>
      <input_file id="fl-4">
         <path>.\src\</path>
         <kind>object</kind>
         <file>main.obj</file>
         <name>main.obj</name>
      </input_file>
      <input_file id="fl-9">
         <kind>object</kind>
         <file>&lt;internal&gt;</file>
         <name>&lt;internal&gt;</name>
      </input_file>
      <input_file id="fl-bf">
         <path>C:\ti\ccs1020\ccs\tools\compiler\ti-cgt-arm_20.2.2.LTS\lib\</path>
         <kind>archive</kind>
         <file>rtsv7M4_T_le_v4SPD16_eabi.lib</file>
         <name>copy_zero_init.c.obj</name>
      </input_file>
      <input_file id="fl-c0">
         <path>C:\ti\ccs1020\ccs\tools\compiler\ti-cgt-arm_20.2.2.LTS\lib\</path>
         <kind>archive</kind>
         <file>rtsv7M4_T_le_v4SPD16_eabi.lib</file>
         <name>copy_decompress_none.c.obj</name>
      </input_file>
      <input_file id="fl-c1">
         <path>C:\ti\ccs1020\ccs\tools\compiler\ti-cgt-arm_20.2.2.LTS\lib\</path>
         <kind>archive</kind>
         <file>rtsv7M4_T_le_v4SPD16_eabi.lib</file>
         <name>copy_decompress_lzss.c.obj</name>
      </input_file>
      <input_file id="fl-c2">
         <path>C:\ti\ccs1020\ccs\tools\compiler\ti-cgt-arm_20.2.2.LTS\lib\</path>
         <kind>archive</kind>
         <file>rtsv7M4_T_le_v4SPD16_eabi.lib</file>
         <name>boot_cortex_m.c.obj</name>
      </input_file>
      <input_file id="fl-c3">
         <path>C:\ti\ccs1020\ccs\tools\compiler\ti-cgt-arm_20.2.2.LTS\lib\</path>
         <kind>archive</kind>
         <file>rtsv7M4_T_le_v4SPD16_eabi.lib</file>
         <name>memcpy_t2.asm.obj</name>
      </input_file>
      <input_file id="fl-c4">
         <path>C:\ti\ccs1020\ccs\tools\compiler\ti-cgt-arm_20.2.2.LTS\lib\</path>
         <kind>archive</kind>
         <file>rtsv7M4_T_le_v4SPD16_eabi.lib</file>
         <name>memset_t2.asm.obj</name>
      </input_file>
      <input_file id="fl-c5">
         <path>C:\ti\ccs1020\ccs\tools\compiler\ti-cgt-arm_20.2.2.LTS\lib\</path>
         <kind>archive</kind>
         <file>rtsv7M4_T_le_v4SPD16_eabi.lib</file>
         <name>autoinit.c.obj</name>
      </input_file>
      <input_file id="fl-c6">
         <path>C:\ti\ccs1020\ccs\tools\compiler\ti-cgt-arm_20.2.2.LTS\lib\</path>
         <kind>archive</kind>
         <file>rtsv7M4_T_le_v4SPD16_eabi.lib</file>
         <name>pre_init.c.obj</name>
      </input_file>
      <input_file id="fl-c7">
         <path>C:\ti\ccs1020\ccs\tools\compiler\ti-cgt-arm_20.2.2.LTS\lib\</path>
         <kind>archive</kind>
         <file>rtsv7M4_T_le_v4SPD16_eabi.lib</file>
         <name>cpy_tbl.c.obj</name>
      </input_file>
      <input_file id="fl-c8">
         <path>C:\ti\ccs1020\ccs\tools\compiler\ti-cgt-arm_20.2.2.LTS\lib\</path>
         <kind>archive</kind>
         <file>rtsv7M4_T_le_v4SPD16_eabi.lib</file>
         <name>exit.c.obj</name>
      </input_file>
      <input_file id="fl-c9">
         <path>C:\ti\ccs1020\ccs\tools\compiler\ti-cgt-arm_20.2.2.LTS\lib\</path>
         <kind>archive</kind>
         <file>rtsv7M4_T_le_v4SPD16_eabi.lib</file>
         <name>_lock.c.obj</name>
      </input_file>
      <input_file id="fl-ca">
         <path>C:\ti\ccs1020\ccs\tools\compiler\ti-cgt-arm_20.2.2.LTS\lib\</path>
         <kind>archive</kind>
         <file>rtsv7M4_T_le_v4SPD16_eabi.lib</file>
         <name>args_main.c.obj</name>
      </input_file>
      <input_file id="fl-cb">
         <path>C:\ti\TivaWare_C_Series-2.2.0.295\driverlib\ccs\Debug\</path>
         <kind>archive</kind>
         <file>driverlib.lib</file>
         <name>gpio.obj</name>
      </input_file>
      <input_file id="fl-cc">
         <path>C:\ti\TivaWare_C_Series-2.2.0.295\driverlib\ccs\Debug\</path>
         <kind>archive</kind>
         <file>driverlib.lib</file>
         <name>interrupt.obj</name>
      </input_file>
      <input_file id="fl-cd">
         <path>C:\ti\TivaWare_C_Series-2.2.0.295\driverlib\ccs\Debug\</path>
         <kind>archive</kind>
         <file>driverlib.lib</file>
         <name>sysctl.obj</name>
      </input_file>
      <input_file id="fl-ce">
         <path>C:\ti\TivaWare_C_Series-2.2.0.295\driverlib\ccs\Debug\</path>
         <kind>archive</kind>
         <file>driverlib.lib</file>
         <name>cpu.obj</name>
      </input_file>
   </input_file_list>
   <object_component_list>
      <object_component id="oc-12">
         <name>.intvecs</name>
         <load_address>0x0</load_address>
         <run_address>0x0</run_address>
         <size>0x26c</size>
         <input_file_ref idref="fl-2"/>
      </object_component>
      <object_component id="oc-142">
         <name>.text:GPIOPadConfigSet</name>
         <load_address>0x26c</load_address>
         <run_address>0x26c</run_address>
         <size>0x16c</size>
         <input_file_ref idref="fl-cb"/>
      </object_component>
      <object_component id="oc-107">
         <name>.text:SysCtlPeripheralEnable</name>
         <load_address>0x3d8</load_address>
         <run_address>0x3d8</run_address>
         <size>0x34</size>
         <input_file_ref idref="fl-cd"/>
      </object_component>
      <object_component id="oc-c2">
         <name>.text</name>
         <load_address>0x40c</load_address>
         <run_address>0x40c</run_address>
         <size>0x30</size>
         <input_file_ref idref="fl-3"/>
      </object_component>
      <object_component id="oc-148">
         <name>.text:GPIODirModeSet</name>
         <load_address>0x43c</load_address>
         <run_address>0x43c</run_address>
         <size>0x2c</size>
         <input_file_ref idref="fl-cb"/>
      </object_component>
      <object_component id="oc-53">
         <name>.text:_c_int00_noinit_noargs:_c_int00_noinit_noargs</name>
         <load_address>0x468</load_address>
         <run_address>0x468</run_address>
         <size>0x2c</size>
         <input_file_ref idref="fl-c2"/>
      </object_component>
      <object_component id="oc-10d">
         <name>.text:GPIOPinTypeGPIOOutput</name>
         <load_address>0x494</load_address>
         <run_address>0x494</run_address>
         <size>0x1a</size>
         <input_file_ref idref="fl-cb"/>
      </object_component>
      <object_component id="oc-27">
         <name>.text</name>
         <load_address>0x4ae</load_address>
         <run_address>0x4ae</run_address>
         <size>0xc</size>
         <input_file_ref idref="fl-2"/>
      </object_component>
      <object_component id="oc-9b">
         <name>.text</name>
         <load_address>0x4ba</load_address>
         <run_address>0x4ba</run_address>
         <size>0xa</size>
         <input_file_ref idref="fl-4"/>
      </object_component>
      <object_component id="oc-113">
         <name>.text:GPIOPinWrite</name>
         <load_address>0x4c4</load_address>
         <run_address>0x4c4</run_address>
         <size>0x6</size>
         <input_file_ref idref="fl-cb"/>
      </object_component>
      <object_component id="oc-95">
         <name>.text:_system_pre_init</name>
         <load_address>0x4ca</load_address>
         <run_address>0x4ca</run_address>
         <size>0x4</size>
         <input_file_ref idref="fl-c6"/>
      </object_component>
      <object_component id="oc-c9">
         <name>.text:abort:abort</name>
         <load_address>0x4ce</load_address>
         <run_address>0x4ce</run_address>
         <size>0x4</size>
         <input_file_ref idref="fl-c8"/>
      </object_component>
      <object_component id="oc-24">
         <name>.stack</name>
         <uninitialized>true</uninitialized>
         <run_address>0x20000000</run_address>
         <size>0x4</size>
         <input_file_ref idref="fl-c2"/>
      </object_component>
      <object_component id="oc-1cc">
         <name>.stack</name>
         <uninitialized>true</uninitialized>
         <run_address>0x20000000</run_address>
         <size>0x0</size>
      </object_component>
      <object_component id="oc-2f">
         <name>.debug_info</name>
         <load_address>0x0</load_address>
         <run_address>0x0</run_address>
         <size>0x2a7</size>
         <input_file_ref idref="fl-2"/>
      </object_component>
      <object_component id="oc-13">
         <name>.debug_info</name>
         <load_address>0x2a7</load_address>
         <run_address>0x2a7</run_address>
         <size>0xe6</size>
         <input_file_ref idref="fl-2"/>
      </object_component>
      <object_component id="oc-28">
         <name>.debug_info</name>
         <load_address>0x38d</load_address>
         <run_address>0x38d</run_address>
         <size>0x262</size>
         <input_file_ref idref="fl-2"/>
      </object_component>
      <object_component id="oc-70">
         <name>.debug_info</name>
         <load_address>0x5ef</load_address>
         <run_address>0x5ef</run_address>
         <size>0x26b</size>
         <input_file_ref idref="fl-2"/>
      </object_component>
      <object_component id="oc-36">
         <name>.debug_info</name>
         <load_address>0x85a</load_address>
         <run_address>0x85a</run_address>
         <size>0x84</size>
         <input_file_ref idref="fl-2"/>
      </object_component>
      <object_component id="oc-ad">
         <name>.debug_info</name>
         <load_address>0x8de</load_address>
         <run_address>0x8de</run_address>
         <size>0x2a4</size>
         <input_file_ref idref="fl-2"/>
      </object_component>
      <object_component id="oc-75">
         <name>.debug_info</name>
         <load_address>0xb82</load_address>
         <run_address>0xb82</run_address>
         <size>0xbb</size>
         <input_file_ref idref="fl-2"/>
      </object_component>
      <object_component id="oc-11a">
         <name>.debug_info</name>
         <load_address>0xc3d</load_address>
         <run_address>0xc3d</run_address>
         <size>0x311</size>
         <input_file_ref idref="fl-3"/>
      </object_component>
      <object_component id="oc-c3">
         <name>.debug_info</name>
         <load_address>0xf4e</load_address>
         <run_address>0xf4e</run_address>
         <size>0x1bb</size>
         <input_file_ref idref="fl-3"/>
      </object_component>
      <object_component id="oc-9c">
         <name>.debug_info</name>
         <load_address>0x1109</load_address>
         <run_address>0x1109</run_address>
         <size>0x10a</size>
         <input_file_ref idref="fl-4"/>
      </object_component>
      <object_component id="oc-25">
         <name>.debug_info</name>
         <load_address>0x1213</load_address>
         <run_address>0x1213</run_address>
         <size>0x10b</size>
         <input_file_ref idref="fl-c2"/>
      </object_component>
      <object_component id="oc-56">
         <name>.debug_info</name>
         <load_address>0x131e</load_address>
         <run_address>0x131e</run_address>
         <size>0x1a2</size>
         <input_file_ref idref="fl-c2"/>
      </object_component>
      <object_component id="oc-99">
         <name>.debug_info</name>
         <load_address>0x14c0</load_address>
         <run_address>0x14c0</run_address>
         <size>0x153</size>
         <input_file_ref idref="fl-c6"/>
      </object_component>
      <object_component id="oc-ca">
         <name>.debug_info</name>
         <load_address>0x1613</load_address>
         <run_address>0x1613</run_address>
         <size>0x122</size>
         <input_file_ref idref="fl-c8"/>
      </object_component>
      <object_component id="oc-154">
         <name>.debug_info</name>
         <load_address>0x1735</load_address>
         <run_address>0x1735</run_address>
         <size>0x3e4</size>
         <input_file_ref idref="fl-cb"/>
      </object_component>
      <object_component id="oc-114">
         <name>.debug_info</name>
         <load_address>0x1b19</load_address>
         <run_address>0x1b19</run_address>
         <size>0x2ac</size>
         <input_file_ref idref="fl-cb"/>
      </object_component>
      <object_component id="oc-149">
         <name>.debug_info</name>
         <load_address>0x1dc5</load_address>
         <run_address>0x1dc5</run_address>
         <size>0x2bc</size>
         <input_file_ref idref="fl-cb"/>
      </object_component>
      <object_component id="oc-143">
         <name>.debug_info</name>
         <load_address>0x2081</load_address>
         <run_address>0x2081</run_address>
         <size>0x31f</size>
         <input_file_ref idref="fl-cb"/>
      </object_component>
      <object_component id="oc-10e">
         <name>.debug_info</name>
         <load_address>0x23a0</load_address>
         <run_address>0x23a0</run_address>
         <size>0x2c0</size>
         <input_file_ref idref="fl-cb"/>
      </object_component>
      <object_component id="oc-189">
         <name>.debug_info</name>
         <load_address>0x2660</load_address>
         <run_address>0x2660</run_address>
         <size>0x26b</size>
         <input_file_ref idref="fl-cb"/>
      </object_component>
      <object_component id="oc-14f">
         <name>.debug_info</name>
         <load_address>0x28cb</load_address>
         <run_address>0x28cb</run_address>
         <size>0x8b</size>
         <input_file_ref idref="fl-cb"/>
      </object_component>
      <object_component id="oc-179">
         <name>.debug_info</name>
         <load_address>0x2956</load_address>
         <run_address>0x2956</run_address>
         <size>0x297</size>
         <input_file_ref idref="fl-cb"/>
      </object_component>
      <object_component id="oc-184">
         <name>.debug_info</name>
         <load_address>0x2bed</load_address>
         <run_address>0x2bed</run_address>
         <size>0xef</size>
         <input_file_ref idref="fl-cb"/>
      </object_component>
      <object_component id="oc-13c">
         <name>.debug_info</name>
         <load_address>0x2cdc</load_address>
         <run_address>0x2cdc</run_address>
         <size>0xbb</size>
         <input_file_ref idref="fl-cb"/>
      </object_component>
      <object_component id="oc-141">
         <name>.debug_info</name>
         <load_address>0x2d97</load_address>
         <run_address>0x2d97</run_address>
         <size>0x441</size>
         <input_file_ref idref="fl-cd"/>
      </object_component>
      <object_component id="oc-108">
         <name>.debug_info</name>
         <load_address>0x31d8</load_address>
         <run_address>0x31d8</run_address>
         <size>0x286</size>
         <input_file_ref idref="fl-cd"/>
      </object_component>
      <object_component id="oc-180">
         <name>.debug_info</name>
         <load_address>0x345e</load_address>
         <run_address>0x345e</run_address>
         <size>0x51</size>
         <input_file_ref idref="fl-cd"/>
      </object_component>
      <object_component id="oc-1cd">
         <name>.debug_info</name>
         <load_address>0x34af</load_address>
         <run_address>0x34af</run_address>
         <size>0x99</size>
      </object_component>
      <object_component id="oc-6f">
         <name>.debug_line</name>
         <load_address>0x0</load_address>
         <run_address>0x0</run_address>
         <size>0x41</size>
         <input_file_ref idref="fl-2"/>
      </object_component>
      <object_component id="oc-2e">
         <name>.debug_line</name>
         <load_address>0x41</load_address>
         <run_address>0x41</run_address>
         <size>0x41</size>
         <input_file_ref idref="fl-2"/>
      </object_component>
      <object_component id="oc-2c">
         <name>.debug_line</name>
         <load_address>0x82</load_address>
         <run_address>0x82</run_address>
         <size>0x9b</size>
         <input_file_ref idref="fl-2"/>
      </object_component>
      <object_component id="oc-73">
         <name>.debug_line</name>
         <load_address>0x11d</load_address>
         <run_address>0x11d</run_address>
         <size>0x6f</size>
         <input_file_ref idref="fl-2"/>
      </object_component>
      <object_component id="oc-39">
         <name>.debug_line</name>
         <load_address>0x18c</load_address>
         <run_address>0x18c</run_address>
         <size>0x20</size>
         <input_file_ref idref="fl-2"/>
      </object_component>
      <object_component id="oc-b0">
         <name>.debug_line</name>
         <load_address>0x1ac</load_address>
         <run_address>0x1ac</run_address>
         <size>0x73</size>
         <input_file_ref idref="fl-2"/>
      </object_component>
      <object_component id="oc-78">
         <name>.debug_line</name>
         <load_address>0x21f</load_address>
         <run_address>0x21f</run_address>
         <size>0x70</size>
         <input_file_ref idref="fl-2"/>
      </object_component>
      <object_component id="oc-157">
         <name>.debug_line</name>
         <load_address>0x28f</load_address>
         <run_address>0x28f</run_address>
         <size>0x8e</size>
         <input_file_ref idref="fl-3"/>
      </object_component>
      <object_component id="oc-c6">
         <name>.debug_line</name>
         <load_address>0x31d</load_address>
         <run_address>0x31d</run_address>
         <size>0x5b</size>
         <input_file_ref idref="fl-3"/>
      </object_component>
      <object_component id="oc-9f">
         <name>.debug_line</name>
         <load_address>0x378</load_address>
         <run_address>0x378</run_address>
         <size>0x44</size>
         <input_file_ref idref="fl-4"/>
      </object_component>
      <object_component id="oc-6c">
         <name>.debug_line</name>
         <load_address>0x3bc</load_address>
         <run_address>0x3bc</run_address>
         <size>0x33</size>
         <input_file_ref idref="fl-c2"/>
      </object_component>
      <object_component id="oc-54">
         <name>.debug_line</name>
         <load_address>0x3ef</load_address>
         <run_address>0x3ef</run_address>
         <size>0x48</size>
         <input_file_ref idref="fl-c2"/>
      </object_component>
      <object_component id="oc-97">
         <name>.debug_line</name>
         <load_address>0x437</load_address>
         <run_address>0x437</run_address>
         <size>0x40</size>
         <input_file_ref idref="fl-c6"/>
      </object_component>
      <object_component id="oc-ce">
         <name>.debug_line</name>
         <load_address>0x477</load_address>
         <run_address>0x477</run_address>
         <size>0x3c</size>
         <input_file_ref idref="fl-c8"/>
      </object_component>
      <object_component id="oc-191">
         <name>.debug_line</name>
         <load_address>0x4b3</load_address>
         <run_address>0x4b3</run_address>
         <size>0x82</size>
         <input_file_ref idref="fl-cb"/>
      </object_component>
      <object_component id="oc-117">
         <name>.debug_line</name>
         <load_address>0x535</load_address>
         <run_address>0x535</run_address>
         <size>0x92</size>
         <input_file_ref idref="fl-cb"/>
      </object_component>
      <object_component id="oc-14c">
         <name>.debug_line</name>
         <load_address>0x5c7</load_address>
         <run_address>0x5c7</run_address>
         <size>0x95</size>
         <input_file_ref idref="fl-cb"/>
      </object_component>
      <object_component id="oc-146">
         <name>.debug_line</name>
         <load_address>0x65c</load_address>
         <run_address>0x65c</run_address>
         <size>0xc4</size>
         <input_file_ref idref="fl-cb"/>
      </object_component>
      <object_component id="oc-111">
         <name>.debug_line</name>
         <load_address>0x720</load_address>
         <run_address>0x720</run_address>
         <size>0x99</size>
         <input_file_ref idref="fl-cb"/>
      </object_component>
      <object_component id="oc-18c">
         <name>.debug_line</name>
         <load_address>0x7b9</load_address>
         <run_address>0x7b9</run_address>
         <size>0x71</size>
         <input_file_ref idref="fl-cb"/>
      </object_component>
      <object_component id="oc-152">
         <name>.debug_line</name>
         <load_address>0x82a</load_address>
         <run_address>0x82a</run_address>
         <size>0x20</size>
         <input_file_ref idref="fl-cb"/>
      </object_component>
      <object_component id="oc-17c">
         <name>.debug_line</name>
         <load_address>0x84a</load_address>
         <run_address>0x84a</run_address>
         <size>0x75</size>
         <input_file_ref idref="fl-cb"/>
      </object_component>
      <object_component id="oc-187">
         <name>.debug_line</name>
         <load_address>0x8bf</load_address>
         <run_address>0x8bf</run_address>
         <size>0x71</size>
         <input_file_ref idref="fl-cb"/>
      </object_component>
      <object_component id="oc-13f">
         <name>.debug_line</name>
         <load_address>0x930</load_address>
         <run_address>0x930</run_address>
         <size>0x72</size>
         <input_file_ref idref="fl-cb"/>
      </object_component>
      <object_component id="oc-17f">
         <name>.debug_line</name>
         <load_address>0x9a2</load_address>
         <run_address>0x9a2</run_address>
         <size>0x13d</size>
         <input_file_ref idref="fl-cd"/>
      </object_component>
      <object_component id="oc-10b">
         <name>.debug_line</name>
         <load_address>0xadf</load_address>
         <run_address>0xadf</run_address>
         <size>0x94</size>
         <input_file_ref idref="fl-cd"/>
      </object_component>
      <object_component id="oc-182">
         <name>.debug_line</name>
         <load_address>0xb73</load_address>
         <run_address>0xb73</run_address>
         <size>0x7f</size>
         <input_file_ref idref="fl-cd"/>
      </object_component>
      <object_component id="oc-2b">
         <name>.debug_frame</name>
         <load_address>0x0</load_address>
         <run_address>0x0</run_address>
         <size>0x90</size>
         <input_file_ref idref="fl-2"/>
      </object_component>
      <object_component id="oc-c7">
         <name>.debug_frame</name>
         <load_address>0x90</load_address>
         <run_address>0x90</run_address>
         <size>0x6c</size>
         <input_file_ref idref="fl-3"/>
      </object_component>
      <object_component id="oc-a0">
         <name>.debug_frame</name>
         <load_address>0xfc</load_address>
         <run_address>0xfc</run_address>
         <size>0x58</size>
         <input_file_ref idref="fl-4"/>
      </object_component>
      <object_component id="oc-58">
         <name>.debug_frame</name>
         <load_address>0x154</load_address>
         <run_address>0x154</run_address>
         <size>0x50</size>
         <input_file_ref idref="fl-c2"/>
      </object_component>
      <object_component id="oc-96">
         <name>.debug_frame</name>
         <load_address>0x1a4</load_address>
         <run_address>0x1a4</run_address>
         <size>0x54</size>
         <input_file_ref idref="fl-c6"/>
      </object_component>
      <object_component id="oc-cd">
         <name>.debug_frame</name>
         <load_address>0x1f8</load_address>
         <run_address>0x1f8</run_address>
         <size>0x54</size>
         <input_file_ref idref="fl-c8"/>
      </object_component>
      <object_component id="oc-118">
         <name>.debug_frame</name>
         <load_address>0x24c</load_address>
         <run_address>0x24c</run_address>
         <size>0x54</size>
         <input_file_ref idref="fl-cb"/>
      </object_component>
      <object_component id="oc-14d">
         <name>.debug_frame</name>
         <load_address>0x2a0</load_address>
         <run_address>0x2a0</run_address>
         <size>0x54</size>
         <input_file_ref idref="fl-cb"/>
      </object_component>
      <object_component id="oc-147">
         <name>.debug_frame</name>
         <load_address>0x2f4</load_address>
         <run_address>0x2f4</run_address>
         <size>0x68</size>
         <input_file_ref idref="fl-cb"/>
      </object_component>
      <object_component id="oc-112">
         <name>.debug_frame</name>
         <load_address>0x35c</load_address>
         <run_address>0x35c</run_address>
         <size>0x5c</size>
         <input_file_ref idref="fl-cb"/>
      </object_component>
      <object_component id="oc-10c">
         <name>.debug_frame</name>
         <load_address>0x3b8</load_address>
         <run_address>0x3b8</run_address>
         <size>0x54</size>
         <input_file_ref idref="fl-cd"/>
      </object_component>
      <object_component id="oc-6e">
         <name>.debug_abbrev</name>
         <load_address>0x0</load_address>
         <run_address>0x0</run_address>
         <size>0x68</size>
         <input_file_ref idref="fl-2"/>
      </object_component>
      <object_component id="oc-2d">
         <name>.debug_abbrev</name>
         <load_address>0x68</load_address>
         <run_address>0x68</run_address>
         <size>0x29</size>
         <input_file_ref idref="fl-2"/>
      </object_component>
      <object_component id="oc-6d">
         <name>.debug_abbrev</name>
         <load_address>0x91</load_address>
         <run_address>0x91</run_address>
         <size>0x79</size>
         <input_file_ref idref="fl-2"/>
      </object_component>
      <object_component id="oc-72">
         <name>.debug_abbrev</name>
         <load_address>0x10a</load_address>
         <run_address>0x10a</run_address>
         <size>0x69</size>
         <input_file_ref idref="fl-2"/>
      </object_component>
      <object_component id="oc-38">
         <name>.debug_abbrev</name>
         <load_address>0x173</load_address>
         <run_address>0x173</run_address>
         <size>0x1f</size>
         <input_file_ref idref="fl-2"/>
      </object_component>
      <object_component id="oc-af">
         <name>.debug_abbrev</name>
         <load_address>0x192</load_address>
         <run_address>0x192</run_address>
         <size>0x5c</size>
         <input_file_ref idref="fl-2"/>
      </object_component>
      <object_component id="oc-77">
         <name>.debug_abbrev</name>
         <load_address>0x1ee</load_address>
         <run_address>0x1ee</run_address>
         <size>0x24</size>
         <input_file_ref idref="fl-2"/>
      </object_component>
      <object_component id="oc-156">
         <name>.debug_abbrev</name>
         <load_address>0x212</load_address>
         <run_address>0x212</run_address>
         <size>0x61</size>
         <input_file_ref idref="fl-3"/>
      </object_component>
      <object_component id="oc-119">
         <name>.debug_abbrev</name>
         <load_address>0x273</load_address>
         <run_address>0x273</run_address>
         <size>0xb6</size>
         <input_file_ref idref="fl-3"/>
      </object_component>
      <object_component id="oc-c8">
         <name>.debug_abbrev</name>
         <load_address>0x329</load_address>
         <run_address>0x329</run_address>
         <size>0x60</size>
         <input_file_ref idref="fl-4"/>
      </object_component>
      <object_component id="oc-6b">
         <name>.debug_abbrev</name>
         <load_address>0x389</load_address>
         <run_address>0x389</run_address>
         <size>0x29</size>
         <input_file_ref idref="fl-c2"/>
      </object_component>
      <object_component id="oc-a2">
         <name>.debug_abbrev</name>
         <load_address>0x3b2</load_address>
         <run_address>0x3b2</run_address>
         <size>0x55</size>
         <input_file_ref idref="fl-c2"/>
      </object_component>
      <object_component id="oc-c1">
         <name>.debug_abbrev</name>
         <load_address>0x407</load_address>
         <run_address>0x407</run_address>
         <size>0x55</size>
         <input_file_ref idref="fl-c6"/>
      </object_component>
      <object_component id="oc-11b">
         <name>.debug_abbrev</name>
         <load_address>0x45c</load_address>
         <run_address>0x45c</run_address>
         <size>0x45</size>
         <input_file_ref idref="fl-c8"/>
      </object_component>
      <object_component id="oc-190">
         <name>.debug_abbrev</name>
         <load_address>0x4a1</load_address>
         <run_address>0x4a1</run_address>
         <size>0x7d</size>
         <input_file_ref idref="fl-cb"/>
      </object_component>
      <object_component id="oc-155">
         <name>.debug_abbrev</name>
         <load_address>0x51e</load_address>
         <run_address>0x51e</run_address>
         <size>0x6c</size>
         <input_file_ref idref="fl-cb"/>
      </object_component>
      <object_component id="oc-18f">
         <name>.debug_abbrev</name>
         <load_address>0x58a</load_address>
         <run_address>0x58a</run_address>
         <size>0x6c</size>
         <input_file_ref idref="fl-cb"/>
      </object_component>
      <object_component id="oc-18e">
         <name>.debug_abbrev</name>
         <load_address>0x5f6</load_address>
         <run_address>0x5f6</run_address>
         <size>0x6c</size>
         <input_file_ref idref="fl-cb"/>
      </object_component>
      <object_component id="oc-14e">
         <name>.debug_abbrev</name>
         <load_address>0x662</load_address>
         <run_address>0x662</run_address>
         <size>0x7a</size>
         <input_file_ref idref="fl-cb"/>
      </object_component>
      <object_component id="oc-18b">
         <name>.debug_abbrev</name>
         <load_address>0x6dc</load_address>
         <run_address>0x6dc</run_address>
         <size>0x69</size>
         <input_file_ref idref="fl-cb"/>
      </object_component>
      <object_component id="oc-151">
         <name>.debug_abbrev</name>
         <load_address>0x745</load_address>
         <run_address>0x745</run_address>
         <size>0x1f</size>
         <input_file_ref idref="fl-cb"/>
      </object_component>
      <object_component id="oc-17b">
         <name>.debug_abbrev</name>
         <load_address>0x764</load_address>
         <run_address>0x764</run_address>
         <size>0x5c</size>
         <input_file_ref idref="fl-cb"/>
      </object_component>
      <object_component id="oc-186">
         <name>.debug_abbrev</name>
         <load_address>0x7c0</load_address>
         <run_address>0x7c0</run_address>
         <size>0x24</size>
         <input_file_ref idref="fl-cb"/>
      </object_component>
      <object_component id="oc-13e">
         <name>.debug_abbrev</name>
         <load_address>0x7e4</load_address>
         <run_address>0x7e4</run_address>
         <size>0x24</size>
         <input_file_ref idref="fl-cb"/>
      </object_component>
      <object_component id="oc-17e">
         <name>.debug_abbrev</name>
         <load_address>0x808</load_address>
         <run_address>0x808</run_address>
         <size>0xbb</size>
         <input_file_ref idref="fl-cd"/>
      </object_component>
      <object_component id="oc-13b">
         <name>.debug_abbrev</name>
         <load_address>0x8c3</load_address>
         <run_address>0x8c3</run_address>
         <size>0x6c</size>
         <input_file_ref idref="fl-cd"/>
      </object_component>
      <object_component id="oc-181">
         <name>.debug_abbrev</name>
         <load_address>0x92f</load_address>
         <run_address>0x92f</run_address>
         <size>0x38</size>
         <input_file_ref idref="fl-cd"/>
      </object_component>
      <object_component id="oc-1ce">
         <name>.debug_abbrev</name>
         <load_address>0x967</load_address>
         <run_address>0x967</run_address>
         <size>0xf</size>
      </object_component>
      <object_component id="oc-74">
         <name>.debug_str</name>
         <load_address>0x0</load_address>
         <run_address>0x0</run_address>
         <size>0x2aa</size>
         <input_file_ref idref="fl-2"/>
      </object_component>
      <object_component id="oc-3a">
         <name>.debug_str</name>
         <load_address>0x2aa</load_address>
         <run_address>0x2aa</run_address>
         <size>0xfd</size>
         <input_file_ref idref="fl-2"/>
      </object_component>
      <object_component id="oc-b1">
         <name>.debug_str</name>
         <load_address>0x3a7</load_address>
         <run_address>0x3a7</run_address>
         <size>0x340</size>
         <input_file_ref idref="fl-2"/>
      </object_component>
      <object_component id="oc-79">
         <name>.debug_str</name>
         <load_address>0x6e7</load_address>
         <run_address>0x6e7</run_address>
         <size>0x142</size>
         <input_file_ref idref="fl-2"/>
      </object_component>
      <object_component id="oc-18d">
         <name>.debug_str</name>
         <load_address>0x829</load_address>
         <run_address>0x829</run_address>
         <size>0x2df</size>
         <input_file_ref idref="fl-cb"/>
      </object_component>
      <object_component id="oc-153">
         <name>.debug_str</name>
         <load_address>0xb08</load_address>
         <run_address>0xb08</run_address>
         <size>0xfe</size>
         <input_file_ref idref="fl-cb"/>
      </object_component>
      <object_component id="oc-17d">
         <name>.debug_str</name>
         <load_address>0xc06</load_address>
         <run_address>0xc06</run_address>
         <size>0x36e</size>
         <input_file_ref idref="fl-cb"/>
      </object_component>
      <object_component id="oc-188">
         <name>.debug_str</name>
         <load_address>0xf74</load_address>
         <run_address>0xf74</run_address>
         <size>0x1ea</size>
         <input_file_ref idref="fl-cb"/>
      </object_component>
      <object_component id="oc-140">
         <name>.debug_str</name>
         <load_address>0x115e</load_address>
         <run_address>0x115e</run_address>
         <size>0x177</size>
         <input_file_ref idref="fl-cb"/>
      </object_component>
      <object_component id="oc-183">
         <name>.debug_str</name>
         <load_address>0x12d5</load_address>
         <run_address>0x12d5</run_address>
         <size>0x138</size>
         <input_file_ref idref="fl-cd"/>
      </object_component>
      <object_component id="oc-2a">
         <name>.debug_aranges</name>
         <load_address>0x0</load_address>
         <run_address>0x0</run_address>
         <size>0x38</size>
         <input_file_ref idref="fl-2"/>
      </object_component>
      <object_component id="oc-c5">
         <name>.debug_aranges</name>
         <load_address>0x38</load_address>
         <run_address>0x38</run_address>
         <size>0x28</size>
         <input_file_ref idref="fl-3"/>
      </object_component>
      <object_component id="oc-9d">
         <name>.debug_aranges</name>
         <load_address>0x60</load_address>
         <run_address>0x60</run_address>
         <size>0x20</size>
         <input_file_ref idref="fl-4"/>
      </object_component>
      <object_component id="oc-55">
         <name>.debug_aranges</name>
         <load_address>0x80</load_address>
         <run_address>0x80</run_address>
         <size>0x20</size>
         <input_file_ref idref="fl-c2"/>
      </object_component>
      <object_component id="oc-98">
         <name>.debug_aranges</name>
         <load_address>0xa0</load_address>
         <run_address>0xa0</run_address>
         <size>0x20</size>
         <input_file_ref idref="fl-c6"/>
      </object_component>
      <object_component id="oc-cb">
         <name>.debug_aranges</name>
         <load_address>0xc0</load_address>
         <run_address>0xc0</run_address>
         <size>0x20</size>
         <input_file_ref idref="fl-c8"/>
      </object_component>
      <object_component id="oc-115">
         <name>.debug_aranges</name>
         <load_address>0xe0</load_address>
         <run_address>0xe0</run_address>
         <size>0x20</size>
         <input_file_ref idref="fl-cb"/>
      </object_component>
      <object_component id="oc-14a">
         <name>.debug_aranges</name>
         <load_address>0x100</load_address>
         <run_address>0x100</run_address>
         <size>0x20</size>
         <input_file_ref idref="fl-cb"/>
      </object_component>
      <object_component id="oc-144">
         <name>.debug_aranges</name>
         <load_address>0x120</load_address>
         <run_address>0x120</run_address>
         <size>0x20</size>
         <input_file_ref idref="fl-cb"/>
      </object_component>
      <object_component id="oc-10f">
         <name>.debug_aranges</name>
         <load_address>0x140</load_address>
         <run_address>0x140</run_address>
         <size>0x20</size>
         <input_file_ref idref="fl-cb"/>
      </object_component>
      <object_component id="oc-109">
         <name>.debug_aranges</name>
         <load_address>0x160</load_address>
         <run_address>0x160</run_address>
         <size>0x20</size>
         <input_file_ref idref="fl-cd"/>
      </object_component>
      <object_component id="oc-14">
         <name>.debug_pubnames</name>
         <load_address>0x0</load_address>
         <run_address>0x0</run_address>
         <size>0x23</size>
         <input_file_ref idref="fl-2"/>
      </object_component>
      <object_component id="oc-29">
         <name>.debug_pubnames</name>
         <load_address>0x23</load_address>
         <run_address>0x23</run_address>
         <size>0x4c</size>
         <input_file_ref idref="fl-2"/>
      </object_component>
      <object_component id="oc-c4">
         <name>.debug_pubnames</name>
         <load_address>0x6f</load_address>
         <run_address>0x6f</run_address>
         <size>0x2b</size>
         <input_file_ref idref="fl-3"/>
      </object_component>
      <object_component id="oc-9e">
         <name>.debug_pubnames</name>
         <load_address>0x9a</load_address>
         <run_address>0x9a</run_address>
         <size>0x1b</size>
         <input_file_ref idref="fl-4"/>
      </object_component>
      <object_component id="oc-26">
         <name>.debug_pubnames</name>
         <load_address>0xb5</load_address>
         <run_address>0xb5</run_address>
         <size>0x1e</size>
         <input_file_ref idref="fl-c2"/>
      </object_component>
      <object_component id="oc-57">
         <name>.debug_pubnames</name>
         <load_address>0xd3</load_address>
         <run_address>0xd3</run_address>
         <size>0x2d</size>
         <input_file_ref idref="fl-c2"/>
      </object_component>
      <object_component id="oc-9a">
         <name>.debug_pubnames</name>
         <load_address>0x100</load_address>
         <run_address>0x100</run_address>
         <size>0x27</size>
         <input_file_ref idref="fl-c6"/>
      </object_component>
      <object_component id="oc-cc">
         <name>.debug_pubnames</name>
         <load_address>0x127</load_address>
         <run_address>0x127</run_address>
         <size>0x1c</size>
         <input_file_ref idref="fl-c8"/>
      </object_component>
      <object_component id="oc-116">
         <name>.debug_pubnames</name>
         <load_address>0x143</load_address>
         <run_address>0x143</run_address>
         <size>0x23</size>
         <input_file_ref idref="fl-cb"/>
      </object_component>
      <object_component id="oc-14b">
         <name>.debug_pubnames</name>
         <load_address>0x166</load_address>
         <run_address>0x166</run_address>
         <size>0x25</size>
         <input_file_ref idref="fl-cb"/>
      </object_component>
      <object_component id="oc-145">
         <name>.debug_pubnames</name>
         <load_address>0x18b</load_address>
         <run_address>0x18b</run_address>
         <size>0x27</size>
         <input_file_ref idref="fl-cb"/>
      </object_component>
      <object_component id="oc-110">
         <name>.debug_pubnames</name>
         <load_address>0x1b2</load_address>
         <run_address>0x1b2</run_address>
         <size>0x2c</size>
         <input_file_ref idref="fl-cb"/>
      </object_component>
      <object_component id="oc-10a">
         <name>.debug_pubnames</name>
         <load_address>0x1de</load_address>
         <run_address>0x1de</run_address>
         <size>0x2d</size>
         <input_file_ref idref="fl-cd"/>
      </object_component>
      <object_component id="oc-71">
         <name>.debug_pubtypes</name>
         <load_address>0x0</load_address>
         <run_address>0x0</run_address>
         <size>0x25c</size>
         <input_file_ref idref="fl-2"/>
      </object_component>
      <object_component id="oc-37">
         <name>.debug_pubtypes</name>
         <load_address>0x25c</load_address>
         <run_address>0x25c</run_address>
         <size>0xed</size>
         <input_file_ref idref="fl-2"/>
      </object_component>
      <object_component id="oc-ae">
         <name>.debug_pubtypes</name>
         <load_address>0x349</load_address>
         <run_address>0x349</run_address>
         <size>0x330</size>
         <input_file_ref idref="fl-2"/>
      </object_component>
      <object_component id="oc-76">
         <name>.debug_pubtypes</name>
         <load_address>0x679</load_address>
         <run_address>0x679</run_address>
         <size>0xaa</size>
         <input_file_ref idref="fl-2"/>
      </object_component>
      <object_component id="oc-18a">
         <name>.debug_pubtypes</name>
         <load_address>0x723</load_address>
         <run_address>0x723</run_address>
         <size>0x25c</size>
         <input_file_ref idref="fl-cb"/>
      </object_component>
      <object_component id="oc-150">
         <name>.debug_pubtypes</name>
         <load_address>0x97f</load_address>
         <run_address>0x97f</run_address>
         <size>0xff</size>
         <input_file_ref idref="fl-cb"/>
      </object_component>
      <object_component id="oc-17a">
         <name>.debug_pubtypes</name>
         <load_address>0xa7e</load_address>
         <run_address>0xa7e</run_address>
         <size>0x325</size>
         <input_file_ref idref="fl-cb"/>
      </object_component>
      <object_component id="oc-185">
         <name>.debug_pubtypes</name>
         <load_address>0xda3</load_address>
         <run_address>0xda3</run_address>
         <size>0x12e</size>
         <input_file_ref idref="fl-cb"/>
      </object_component>
      <object_component id="oc-13d">
         <name>.debug_pubtypes</name>
         <load_address>0xed1</load_address>
         <run_address>0xed1</run_address>
         <size>0xaa</size>
         <input_file_ref idref="fl-cb"/>
      </object_component>
   </object_component_list>
   <logical_group_list>
      <logical_group id="lg-3" display="no" color="cyan">
         <name>.intvecs</name>
         <load_address>0x0</load_address>
         <run_address>0x0</run_address>
         <size>0x26c</size>
         <contents>
            <object_component_ref idref="oc-12"/>
         </contents>
      </logical_group>
      <logical_group id="lg-4" display="no" color="cyan">
         <name>.text</name>
         <load_address>0x26c</load_address>
         <run_address>0x26c</run_address>
         <size>0x266</size>
         <contents>
            <object_component_ref idref="oc-142"/>
            <object_component_ref idref="oc-107"/>
            <object_component_ref idref="oc-c2"/>
            <object_component_ref idref="oc-148"/>
            <object_component_ref idref="oc-53"/>
            <object_component_ref idref="oc-10d"/>
            <object_component_ref idref="oc-27"/>
            <object_component_ref idref="oc-9b"/>
            <object_component_ref idref="oc-113"/>
            <object_component_ref idref="oc-95"/>
            <object_component_ref idref="oc-c9"/>
         </contents>
      </logical_group>
      <logical_group id="lg-5" display="no" color="cyan">
         <name>.const</name>
         <run_address>0x0</run_address>
         <size>0x0</size>
         <contents>
         </contents>
      </logical_group>
      <logical_group id="lg-6" display="no" color="cyan">
         <name>.cinit</name>
         <run_address>0x0</run_address>
         <size>0x0</size>
         <contents>
         </contents>
      </logical_group>
      <logical_group id="lg-7" display="no" color="cyan">
         <name>.pinit</name>
         <run_address>0x0</run_address>
         <size>0x0</size>
         <contents>
         </contents>
      </logical_group>
      <logical_group id="lg-8" display="no" color="cyan">
         <name>.init_array</name>
         <run_address>0x0</run_address>
         <size>0x0</size>
         <contents>
         </contents>
      </logical_group>
      <logical_group id="lg-9" display="no" color="cyan">
         <name>.vtable</name>
         <run_address>0x0</run_address>
         <size>0x0</size>
         <contents>
         </contents>
      </logical_group>
      <logical_group id="lg-a" display="no" color="cyan">
         <name>.data</name>
         <run_address>0x0</run_address>
         <size>0x0</size>
         <contents>
         </contents>
      </logical_group>
      <logical_group id="lg-b" display="no" color="cyan">
         <name>.bss</name>
         <run_address>0x0</run_address>
         <size>0x0</size>
         <contents>
         </contents>
      </logical_group>
      <logical_group id="lg-c" display="no" color="cyan">
         <name>.sysmem</name>
         <run_address>0x0</run_address>
         <size>0x0</size>
         <contents>
         </contents>
      </logical_group>
      <logical_group id="lg-d" display="no" color="cyan">
         <name>.stack</name>
         <run_address>0x20000000</run_address>
         <size>0x200</size>
         <contents>
            <object_component_ref idref="oc-24"/>
            <object_component_ref idref="oc-1cc"/>
         </contents>
      </logical_group>
      <logical_group id="lg-1a1" display="no" color="cyan">
         <name>.TI.noinit</name>
         <run_address>0x0</run_address>
         <size>0x0</size>
         <contents>
         </contents>
      </logical_group>
      <logical_group id="lg-1a2" display="no" color="cyan">
         <name>.TI.persistent</name>
         <run_address>0x0</run_address>
         <size>0x0</size>
         <contents>
         </contents>
      </logical_group>
      <logical_group id="lg-1a3" display="no" color="cyan">
         <name>__llvm_prf_cnts</name>
         <run_address>0x20000000</run_address>
         <size>0x0</size>
         <contents>
         </contents>
      </logical_group>
      <logical_group id="lg-1b2" display="never" color="cyan">
         <name>.debug_info</name>
         <load_address>0x0</load_address>
         <run_address>0x0</run_address>
         <size>0x3548</size>
         <contents>
            <object_component_ref idref="oc-2f"/>
            <object_component_ref idref="oc-13"/>
            <object_component_ref idref="oc-28"/>
            <object_component_ref idref="oc-70"/>
            <object_component_ref idref="oc-36"/>
            <object_component_ref idref="oc-ad"/>
            <object_component_ref idref="oc-75"/>
            <object_component_ref idref="oc-11a"/>
            <object_component_ref idref="oc-c3"/>
            <object_component_ref idref="oc-9c"/>
            <object_component_ref idref="oc-25"/>
            <object_component_ref idref="oc-56"/>
            <object_component_ref idref="oc-99"/>
            <object_component_ref idref="oc-ca"/>
            <object_component_ref idref="oc-154"/>
            <object_component_ref idref="oc-114"/>
            <object_component_ref idref="oc-149"/>
            <object_component_ref idref="oc-143"/>
            <object_component_ref idref="oc-10e"/>
            <object_component_ref idref="oc-189"/>
            <object_component_ref idref="oc-14f"/>
            <object_component_ref idref="oc-179"/>
            <object_component_ref idref="oc-184"/>
            <object_component_ref idref="oc-13c"/>
            <object_component_ref idref="oc-141"/>
            <object_component_ref idref="oc-108"/>
            <object_component_ref idref="oc-180"/>
            <object_component_ref idref="oc-1cd"/>
         </contents>
      </logical_group>
      <logical_group id="lg-1b4" display="never" color="cyan">
         <name>.debug_line</name>
         <load_address>0x0</load_address>
         <run_address>0x0</run_address>
         <size>0xbf2</size>
         <contents>
            <object_component_ref idref="oc-6f"/>
            <object_component_ref idref="oc-2e"/>
            <object_component_ref idref="oc-2c"/>
            <object_component_ref idref="oc-73"/>
            <object_component_ref idref="oc-39"/>
            <object_component_ref idref="oc-b0"/>
            <object_component_ref idref="oc-78"/>
            <object_component_ref idref="oc-157"/>
            <object_component_ref idref="oc-c6"/>
            <object_component_ref idref="oc-9f"/>
            <object_component_ref idref="oc-6c"/>
            <object_component_ref idref="oc-54"/>
            <object_component_ref idref="oc-97"/>
            <object_component_ref idref="oc-ce"/>
            <object_component_ref idref="oc-191"/>
            <object_component_ref idref="oc-117"/>
            <object_component_ref idref="oc-14c"/>
            <object_component_ref idref="oc-146"/>
            <object_component_ref idref="oc-111"/>
            <object_component_ref idref="oc-18c"/>
            <object_component_ref idref="oc-152"/>
            <object_component_ref idref="oc-17c"/>
            <object_component_ref idref="oc-187"/>
            <object_component_ref idref="oc-13f"/>
            <object_component_ref idref="oc-17f"/>
            <object_component_ref idref="oc-10b"/>
            <object_component_ref idref="oc-182"/>
         </contents>
      </logical_group>
      <logical_group id="lg-1b6" display="never" color="cyan">
         <name>.debug_frame</name>
         <load_address>0x0</load_address>
         <run_address>0x0</run_address>
         <size>0x40c</size>
         <contents>
            <object_component_ref idref="oc-2b"/>
            <object_component_ref idref="oc-c7"/>
            <object_component_ref idref="oc-a0"/>
            <object_component_ref idref="oc-58"/>
            <object_component_ref idref="oc-96"/>
            <object_component_ref idref="oc-cd"/>
            <object_component_ref idref="oc-118"/>
            <object_component_ref idref="oc-14d"/>
            <object_component_ref idref="oc-147"/>
            <object_component_ref idref="oc-112"/>
            <object_component_ref idref="oc-10c"/>
         </contents>
      </logical_group>
      <logical_group id="lg-1b8" display="never" color="cyan">
         <name>.debug_abbrev</name>
         <load_address>0x0</load_address>
         <run_address>0x0</run_address>
         <size>0x976</size>
         <contents>
            <object_component_ref idref="oc-6e"/>
            <object_component_ref idref="oc-2d"/>
            <object_component_ref idref="oc-6d"/>
            <object_component_ref idref="oc-72"/>
            <object_component_ref idref="oc-38"/>
            <object_component_ref idref="oc-af"/>
            <object_component_ref idref="oc-77"/>
            <object_component_ref idref="oc-156"/>
            <object_component_ref idref="oc-119"/>
            <object_component_ref idref="oc-c8"/>
            <object_component_ref idref="oc-6b"/>
            <object_component_ref idref="oc-a2"/>
            <object_component_ref idref="oc-c1"/>
            <object_component_ref idref="oc-11b"/>
            <object_component_ref idref="oc-190"/>
            <object_component_ref idref="oc-155"/>
            <object_component_ref idref="oc-18f"/>
            <object_component_ref idref="oc-18e"/>
            <object_component_ref idref="oc-14e"/>
            <object_component_ref idref="oc-18b"/>
            <object_component_ref idref="oc-151"/>
            <object_component_ref idref="oc-17b"/>
            <object_component_ref idref="oc-186"/>
            <object_component_ref idref="oc-13e"/>
            <object_component_ref idref="oc-17e"/>
            <object_component_ref idref="oc-13b"/>
            <object_component_ref idref="oc-181"/>
            <object_component_ref idref="oc-1ce"/>
         </contents>
      </logical_group>
      <logical_group id="lg-1ba" display="never" color="cyan">
         <name>.debug_str</name>
         <load_address>0x0</load_address>
         <run_address>0x0</run_address>
         <size>0x140d</size>
         <contents>
            <object_component_ref idref="oc-74"/>
            <object_component_ref idref="oc-3a"/>
            <object_component_ref idref="oc-b1"/>
            <object_component_ref idref="oc-79"/>
            <object_component_ref idref="oc-18d"/>
            <object_component_ref idref="oc-153"/>
            <object_component_ref idref="oc-17d"/>
            <object_component_ref idref="oc-188"/>
            <object_component_ref idref="oc-140"/>
            <object_component_ref idref="oc-183"/>
         </contents>
      </logical_group>
      <logical_group id="lg-1bc" display="never" color="cyan">
         <name>.debug_aranges</name>
         <load_address>0x0</load_address>
         <run_address>0x0</run_address>
         <size>0x180</size>
         <contents>
            <object_component_ref idref="oc-2a"/>
            <object_component_ref idref="oc-c5"/>
            <object_component_ref idref="oc-9d"/>
            <object_component_ref idref="oc-55"/>
            <object_component_ref idref="oc-98"/>
            <object_component_ref idref="oc-cb"/>
            <object_component_ref idref="oc-115"/>
            <object_component_ref idref="oc-14a"/>
            <object_component_ref idref="oc-144"/>
            <object_component_ref idref="oc-10f"/>
            <object_component_ref idref="oc-109"/>
         </contents>
      </logical_group>
      <logical_group id="lg-1be" display="never" color="cyan">
         <name>.debug_pubnames</name>
         <load_address>0x0</load_address>
         <run_address>0x0</run_address>
         <size>0x20b</size>
         <contents>
            <object_component_ref idref="oc-14"/>
            <object_component_ref idref="oc-29"/>
            <object_component_ref idref="oc-c4"/>
            <object_component_ref idref="oc-9e"/>
            <object_component_ref idref="oc-26"/>
            <object_component_ref idref="oc-57"/>
            <object_component_ref idref="oc-9a"/>
            <object_component_ref idref="oc-cc"/>
            <object_component_ref idref="oc-116"/>
            <object_component_ref idref="oc-14b"/>
            <object_component_ref idref="oc-145"/>
            <object_component_ref idref="oc-110"/>
            <object_component_ref idref="oc-10a"/>
         </contents>
      </logical_group>
      <logical_group id="lg-1c0" display="never" color="cyan">
         <name>.debug_pubtypes</name>
         <load_address>0x0</load_address>
         <run_address>0x0</run_address>
         <size>0xf7b</size>
         <contents>
            <object_component_ref idref="oc-71"/>
            <object_component_ref idref="oc-37"/>
            <object_component_ref idref="oc-ae"/>
            <object_component_ref idref="oc-76"/>
            <object_component_ref idref="oc-18a"/>
            <object_component_ref idref="oc-150"/>
            <object_component_ref idref="oc-17a"/>
            <object_component_ref idref="oc-185"/>
            <object_component_ref idref="oc-13d"/>
         </contents>
      </logical_group>
      <logical_group id="lg-1cb" display="no" color="cyan">
         <name>Veneer$$CMSE</name>
         <run_address>0x0</run_address>
         <size>0x0</size>
         <contents>
         </contents>
      </logical_group>
      <load_segment id="lg-1cf" display="no" color="cyan">
         <name>SEGMENT_0</name>
         <load_address>0x0</load_address>
         <run_address>0x0</run_address>
         <size>0x4d2</size>
         <flags>0x5</flags>
         <contents>
            <logical_group_ref idref="lg-3"/>
            <logical_group_ref idref="lg-4"/>
         </contents>
      </load_segment>
      <load_segment id="lg-1d0" display="no" color="cyan">
         <name>SEGMENT_1</name>
         <run_address>0x20000000</run_address>
         <size>0x200</size>
         <flags>0x6</flags>
         <contents>
            <logical_group_ref idref="lg-d"/>
         </contents>
      </load_segment>
   </logical_group_list>
   <placement_map>
      <memory_area display="yes" color="green">
         <name>FLASH</name>
         <page_id>0x0</page_id>
         <origin>0x0</origin>
         <length>0x40000</length>
         <used_space>0x4d2</used_space>
         <unused_space>0x3fb2e</unused_space>
         <attributes>RX</attributes>
         <usage_details>
            <allocated_space>
               <start_address>0x0</start_address>
               <size>0x26c</size>
               <logical_group_ref idref="lg-3"/>
            </allocated_space>
            <allocated_space>
               <start_address>0x26c</start_address>
               <size>0x266</size>
               <logical_group_ref idref="lg-4"/>
            </allocated_space>
            <available_space>
               <start_address>0x4d2</start_address>
               <size>0x3fb2e</size>
            </available_space>
         </usage_details>
      </memory_area>
      <memory_area display="yes" color="green">
         <name>SRAM</name>
         <page_id>0x0</page_id>
         <origin>0x20000000</origin>
         <length>0x8000</length>
         <used_space>0x200</used_space>
         <unused_space>0x7e00</unused_space>
         <attributes>RWX</attributes>
         <usage_details>
            <allocated_space>
               <start_address>0x20000000</start_address>
               <size>0x0</size>
               <logical_group_ref idref="lg-1a3"/>
            </allocated_space>
            <allocated_space>
               <start_address>0x20000000</start_address>
               <size>0x200</size>
               <logical_group_ref idref="lg-d"/>
            </allocated_space>
            <available_space>
               <start_address>0x20000200</start_address>
               <size>0x7e00</size>
            </available_space>
         </usage_details>
      </memory_area>
   </placement_map>
   <symbol_table>
      <symbol id="sm-1">
         <name>__STACK_TOP</name>
         <value>0x20000200</value>
      </symbol>
      <symbol id="sm-2">
         <name>__start___llvm_prf_cnts</name>
         <value>0x20000000</value>
      </symbol>
      <symbol id="sm-3">
         <name>__stop___llvm_prf_cnts</name>
         <value>0x20000000</value>
      </symbol>
      <symbol id="sm-4">
         <name>binit</name>
         <value>0xffffffff</value>
      </symbol>
      <symbol id="sm-5">
         <name>__binit__</name>
         <value>0xffffffff</value>
      </symbol>
      <symbol id="sm-6">
         <name>__STACK_SIZE</name>
         <value>0x200</value>
      </symbol>
      <symbol id="sm-7">
         <name>__STACK_END</name>
         <value>0x20000200</value>
      </symbol>
      <symbol id="sm-8">
         <name>__c_args__</name>
         <value>0xffffffff</value>
      </symbol>
      <symbol id="sm-9">
         <name>__TI_pprof_out_hndl</name>
         <value>0xffffffff</value>
      </symbol>
      <symbol id="sm-a">
         <name>__TI_prof_data_start</name>
         <value>0xffffffff</value>
      </symbol>
      <symbol id="sm-b">
         <name>__TI_prof_data_size</name>
         <value>0xffffffff</value>
      </symbol>
      <symbol id="sm-c">
         <name>__TI_static_base__</name>
         <value>0x0</value>
      </symbol>
      <symbol id="sm-53">
         <name>ResetISR</name>
         <value>0x4af</value>
         <object_component_ref idref="oc-27"/>
      </symbol>
      <symbol id="sm-54">
         <name>g_pfnVectors</name>
         <value>0x0</value>
         <object_component_ref idref="oc-12"/>
      </symbol>
      <symbol id="sm-66">
         <name>initWSS</name>
         <value>0x42d</value>
         <object_component_ref idref="oc-c2"/>
      </symbol>
      <symbol id="sm-70">
         <name>main</name>
         <value>0x4bb</value>
         <object_component_ref idref="oc-9b"/>
      </symbol>
      <symbol id="sm-86">
         <name>_c_int00_noinit_noargs</name>
         <value>0x469</value>
         <object_component_ref idref="oc-53"/>
      </symbol>
      <symbol id="sm-87">
         <name>__stack</name>
         <value>0x20000000</value>
         <object_component_ref idref="oc-24"/>
      </symbol>
      <symbol id="sm-94">
         <name>_system_pre_init</name>
         <value>0x4cb</value>
         <object_component_ref idref="oc-95"/>
      </symbol>
      <symbol id="sm-a0">
         <name>C$$EXIT</name>
         <value>0x4cf</value>
         <object_component_ref idref="oc-c9"/>
      </symbol>
      <symbol id="sm-a1">
         <name>abort</name>
         <value>0x4cf</value>
         <object_component_ref idref="oc-c9"/>
      </symbol>
      <symbol id="sm-ea">
         <name>GPIOPinTypeGPIOOutput</name>
         <value>0x495</value>
         <object_component_ref idref="oc-10d"/>
      </symbol>
      <symbol id="sm-eb">
         <name>GPIODirModeSet</name>
         <value>0x43d</value>
         <object_component_ref idref="oc-148"/>
      </symbol>
      <symbol id="sm-ec">
         <name>GPIOPinWrite</name>
         <value>0x4c5</value>
         <object_component_ref idref="oc-113"/>
      </symbol>
      <symbol id="sm-ed">
         <name>GPIOPadConfigSet</name>
         <value>0x26d</value>
         <object_component_ref idref="oc-142"/>
      </symbol>
      <symbol id="sm-101">
         <name>SysCtlPeripheralEnable</name>
         <value>0x3d9</value>
         <object_component_ref idref="oc-107"/>
      </symbol>
      <symbol id="sm-103">
         <name>__mpu_init</name>
         <value>0x0</value>
      </symbol>
   </symbol_table>
   <title>Link successful</title>
</link_info>
