******************************************************************************
                  TI ARM Linker PC v20.2.2                     
******************************************************************************
>> Linked Thu Feb 11 17:08:58 2021

OUTPUT FILE NAME:   <WSS.out>
ENTRY POINT SYMBOL: "_c_int00_noargs"  address: 000018cd


MEMORY CONFIGURATION

         name            origin    length      used     unused   attr    fill
----------------------  --------  ---------  --------  --------  ----  --------
  FLASH                 00000000   00040000  00001f14  0003e0ec  R  X
  SRAM                  20000000   00008000  0000047d  00007b83  RW X


SEGMENT ALLOCATION MAP

run origin  load origin   length   init length attrs members
----------  ----------- ---------- ----------- ----- -------
00000000    00000000    00001f18   00001f18    r-x
  00000000    00000000    0000026c   0000026c    r-- .intvecs
  0000026c    0000026c    00001900   00001900    r-x .text
  00001b6c    00001b6c    00000378   00000378    r-- .const
  00001ee8    00001ee8    00000030   00000030    r-- .cinit
20000000    20000000    00000481   00000000    rw-
  20000000    20000000    0000026c   00000000    rw- .vtable
  20000270    20000270    00000200   00000000    rw- .stack
  20000470    20000470    00000011   00000000    rw- .data


SECTION ALLOCATION MAP

 output                                  attributes/
section   page    origin      length       input sections
--------  ----  ----------  ----------   ----------------
.intvecs   0    00000000    0000026c     
                  00000000    0000026c     tm4c123gh6pm_startup_ccs.obj (.intvecs)

.text      0    0000026c    00001900     
                  0000026c    000006bc     WSS.obj (.text)
                  00000928    000004a8     uartstdio.obj (.text)
                  00000dd0    000001fc     main.obj (.text)
                  00000fcc    0000016c     driverlib.lib : gpio.obj (.text:GPIOPadConfigSet)
                  00001138    00000118                   : sysctl.obj (.text:SysCtlClockGet)
                  00001250    000000f4                   : sysctl.obj (.text:SysCtlClockSet)
                  00001344    0000009c     rtsv7M4_T_le_v4SPD16_eabi.lib : memcpy_t2.asm.obj (.text)
                  000013e0    0000007a     driverlib.lib : adc.obj (.text:ADCSequenceStepConfigure)
                  0000145a    00000002     rtsv7M4_T_le_v4SPD16_eabi.lib : div0.asm.obj (.text)
                  0000145c    00000068     driverlib.lib : interrupt.obj (.text:IntEnable)
                  000014c4    00000068     rtsv7M4_T_le_v4SPD16_eabi.lib : copy_decompress_lzss.c.obj (.text:decompress:lzss:__TI_decompress_lzss)
                  0000152c    00000060     driverlib.lib : timer.obj (.text:TimerConfigure)
                  0000158c    00000058                   : gpio.obj (.text:GPIOIntTypeSet)
                  000015e4    00000050                   : adc.obj (.text:_ADCIntNumberGet)
                  00001634    0000004e                   : adc.obj (.text:ADCSequenceConfigure)
                  00001682    00000002     --HOLE-- [fill = 0]
                  00001684    0000004c                   : gpio.obj (.text:GPIOPinConfigure)
                  000016d0    0000004c                   : timer.obj (.text:_TimerIntNumberGet)
                  0000171c    00000046                   : uart.obj (.text:UARTConfigSetExpClk)
                  00001762    00000002     --HOLE-- [fill = 0]
                  00001764    00000044                   : gpio.obj (.text:_GPIOIntNumberGet)
                  000017a8    00000044     rtsv7M4_T_le_v4SPD16_eabi.lib : autoinit.c.obj (.text:__TI_auto_init_nobinit_nopinit:__TI_auto_init_nobinit_nopinit)
                  000017ec    00000040                                   : u_divt2.asm.obj (.text)
                  0000182c    00000038     driverlib.lib : sysctl.obj (.text:SysCtlPeripheralPresent)
                  00001864    00000034                   : interrupt.obj (.text:IntRegister)
                  00001898    00000034                   : sysctl.obj (.text:SysCtlPeripheralEnable)
                  000018cc    00000034     rtsv7M4_T_le_v4SPD16_eabi.lib : boot_cortex_m.c.obj (.text:_c_int00_noargs:_c_int00_noargs)
                  00001900    0000002e     driverlib.lib : adc.obj (.text:ADCIntStatus)
                  0000192e    0000002c                   : gpio.obj (.text:GPIODirModeSet)
                  0000195a    00000002     --HOLE-- [fill = 0]
                  0000195c    00000020                   : uart.obj (.text:UARTDisable)
                  0000197c    0000001e                   : adc.obj (.text:ADCSequenceDataGet)
                  0000199a    0000001c     rtsv7M4_T_le_v4SPD16_eabi.lib : copy_zero_init.c.obj (.text:decompress:ZI:__TI_zero_init_nomemset:__TI_zero_init_nomemset)
                  000019b6    0000001a     driverlib.lib : gpio.obj (.text:GPIOPinTypeGPIOOutput)
                  000019d0    00000018                   : adc.obj (.text:ADCIntRegister)
                  000019e8    00000018                   : adc.obj (.text:ADCProcessorTrigger)
                  00001a00    00000018                   : gpio.obj (.text:GPIOIntRegister)
                  00001a18    00000018                   : timer.obj (.text:TimerDisable)
                  00001a30    00000018                   : timer.obj (.text:TimerIntRegister)
                  00001a48    00000016                   : gpio.obj (.text:GPIOPinTypeADC)
                  00001a5e    00000016                   : gpio.obj (.text:GPIOPinTypeGPIOInput)
                  00001a74    00000016                   : gpio.obj (.text:GPIOPinTypeUART)
                  00001a8a    00000014                   : uart.obj (.text:UARTEnable)
                  00001a9e    00000012                   : timer.obj (.text:TimerLoadSet)
                  00001ab0    00000010                   : adc.obj (.text:ADCIntEnable)
                  00001ac0    0000000e                   : adc.obj (.text:ADCSequenceEnable)
                  00001ace    0000000e                   : gpio.obj (.text:GPIOIntDisable)
                  00001adc    0000000e                   : gpio.obj (.text:GPIOIntStatus)
                  00001aea    0000000e                   : timer.obj (.text:TimerEnable)
                  00001af8    0000000e     rtsv7M4_T_le_v4SPD16_eabi.lib : copy_decompress_none.c.obj (.text:decompress:none:__TI_decompress_none)
                  00001b06    0000000c     driverlib.lib : gpio.obj (.text:GPIOIntEnable)
                  00001b12    0000000c     tm4c123gh6pm_startup_ccs.obj (.text)
                  00001b1e    0000000a     driverlib.lib : adc.obj (.text:ADCIntClear)
                  00001b28    0000000a                   : timer.obj (.text:TimerValueGet)
                  00001b32    0000000a                   : uart.obj (.text:UARTCharGet)
                  00001b3c    0000000a                   : uart.obj (.text:UARTCharPut)
                  00001b46    00000008                   : timer.obj (.text:TimerIntEnable)
                  00001b4e    00000006                   : gpio.obj (.text:GPIOIntClear)
                  00001b54    00000006                   : gpio.obj (.text:GPIOPinRead)
                  00001b5a    00000006                   : sysctl.obj (.text:SysCtlDelay)
                  00001b60    00000004                   : timer.obj (.text:TimerIntClear)
                  00001b64    00000004     rtsv7M4_T_le_v4SPD16_eabi.lib : pre_init.c.obj (.text:_system_pre_init)
                  00001b68    00000004                                   : exit.c.obj (.text:abort:abort)

.const     0    00001b6c    00000378     
                  00001b6c    000000d8     driverlib.lib : gpio.obj (.const:g_ppui32GPIOIntMapSnowflake)
                  00001c44    000000c0                   : gpio.obj (.const:g_ppui32GPIOIntMapBlizzard)
                  00001d04    00000090                   : gpio.obj (.const:g_pui32GPIOBaseAddrs)
                  00001d94    0000006c                   : sysctl.obj (.const:g_pui32Xtals)
                  00001e00    00000060                   : timer.obj (.const:g_ppui32TimerIntMap)
                  00001e60    00000040                   : timer.obj (.const:g_ppui32TimerIntMapSnowflake)
                  00001ea0    00000014                   : interrupt.obj (.const:g_pui32EnRegs)
                  00001eb4    00000012     uartstdio.obj (.const:.string)
                  00001ec6    00000002     --HOLE-- [fill = 0]
                  00001ec8    0000000c     uartstdio.obj (.const:g_ui32UARTBase)
                  00001ed4    0000000c     uartstdio.obj (.const:g_ui32UARTPeriph)
                  00001ee0    00000004     uartstdio.obj (.const)

.cinit     0    00001ee8    00000030     
                  00001ee8    0000000c     (__TI_handler_table)
                  00001ef4    00000009     (.cinit..data.load) [load image, compression = lzss]
                  00001efd    00000003     --HOLE-- [fill = 0]
                  00001f00    00000008     (.cinit..vtable.load) [load image, compression = zero_init]
                  00001f08    00000010     (__TI_cinit_table)

.init_array 
*          0    00000000    00000000     UNINITIALIZED

.vtable    0    20000000    0000026c     UNINITIALIZED
                  20000000    0000026c     driverlib.lib : interrupt.obj (.vtable)

.data      0    20000470    00000011     UNINITIALIZED
                  20000470    0000000c     main.obj (.data:WSSController)
                  2000047c    00000005     uartstdio.obj (.data)

.stack     0    20000270    00000200     UNINITIALIZED
                  20000270    00000004     rtsv7M4_T_le_v4SPD16_eabi.lib : boot_cortex_m.c.obj (.stack)
                  20000274    000001fc     --HOLE--

__llvm_prf_cnts 
*          0    20000000    00000000     UNINITIALIZED

MODULE SUMMARY

       Module                         code   ro data   rw data
       ------                         ----   -------   -------
    .\
       tm4c123gh6pm_startup_ccs.obj   12     620       0      
    +--+------------------------------+------+---------+---------+
       Total:                         12     620       0      
                                                              
    .\src\
       WSS.obj                        1724   0         0      
       uartstdio.obj                  1192   46        5      
       main.obj                       508    0         12     
    +--+------------------------------+------+---------+---------+
       Total:                         3424   46        17     
                                                              
    C:/ti/TivaWare_C_Series-2.2.0.295/driverlib/ccs/Debug/driverlib.lib
       gpio.obj                       808    552       0      
       interrupt.obj                  156    20        620    
       sysctl.obj                     638    108       0      
       adc.obj                        444    0         0      
       timer.obj                      274    160       0      
       uart.obj                       142    0         0      
    +--+------------------------------+------+---------+---------+
       Total:                         2462   840       620    
                                                              
    C:\ti\ccs1020\ccs\tools\compiler\ti-cgt-arm_20.2.2.LTS\lib\rtsv7M4_T_le_v4SPD16_eabi.lib
       memcpy_t2.asm.obj              156    0         0      
       copy_decompress_lzss.c.obj     104    0         0      
       autoinit.c.obj                 68     0         0      
       u_divt2.asm.obj                64     0         0      
       boot_cortex_m.c.obj            52     0         0      
       copy_zero_init.c.obj           28     0         0      
       copy_decompress_none.c.obj     14     0         0      
       exit.c.obj                     4      0         0      
       pre_init.c.obj                 4      0         0      
       div0.asm.obj                   2      0         0      
    +--+------------------------------+------+---------+---------+
       Total:                         496    0         0      
                                                              
       Stack:                         0      0         512    
       Linker Generated:              0      45        0      
    +--+------------------------------+------+---------+---------+
       Grand Total:                   6394   1551      1149   


LINKER GENERATED COPY TABLES

__TI_cinit_table @ 00001f08 records: 2, size/record: 8, table size: 16
	.data: load addr=00001ef4, load size=00000009 bytes, run addr=20000470, run size=00000011 bytes, compression=lzss
	.vtable: load addr=00001f00, load size=00000008 bytes, run addr=20000000, run size=0000026c bytes, compression=zero_init


LINKER GENERATED HANDLER TABLE

__TI_handler_table @ 00001ee8 records: 3, size/record: 4, table size: 12
	index: 0, handler: __TI_zero_init
	index: 1, handler: __TI_decompress_lzss
	index: 2, handler: __TI_decompress_none


GLOBAL SYMBOLS: SORTED ALPHABETICALLY BY Name 

address   name                          
-------   ----                          
00001b1f  ADCIntClear                   
00001ab1  ADCIntEnable                  
000019d1  ADCIntRegister                
00001901  ADCIntStatus                  
000019e9  ADCProcessorTrigger           
00001635  ADCSequenceConfigure          
0000197d  ADCSequenceDataGet            
00001ac1  ADCSequenceEnable             
000013e1  ADCSequenceStepConfigure      
00001b69  C$$EXIT                       
0000192f  GPIODirModeSet                
00001b4f  GPIOIntClear                  
00001acf  GPIOIntDisable                
00001b07  GPIOIntEnable                 
00001a01  GPIOIntRegister               
00001add  GPIOIntStatus                 
0000158d  GPIOIntTypeSet                
00000fcd  GPIOPadConfigSet              
00001685  GPIOPinConfigure              
00001b55  GPIOPinRead                   
00001a49  GPIOPinTypeADC                
00001a5f  GPIOPinTypeGPIOInput          
000019b7  GPIOPinTypeGPIOOutput         
00001a75  GPIOPinTypeUART               
0000145d  IntEnable                     
00001865  IntRegister                   
00001b13  ResetISR                      
00001139  SysCtlClockGet                
00001251  SysCtlClockSet                
00001b5b  SysCtlDelay                   
00001899  SysCtlPeripheralEnable        
0000182d  SysCtlPeripheralPresent       
0000152d  TimerConfigure                
00001a19  TimerDisable                  
00001aeb  TimerEnable                   
00001b61  TimerIntClear                 
00001b47  TimerIntEnable                
00001a31  TimerIntRegister              
00001a9f  TimerLoadSet                  
00001b29  TimerValueGet                 
00001b33  UARTCharGet                   
00001b3d  UARTCharPut                   
0000171d  UARTConfigSetExpClk           
0000195d  UARTDisable                   
00001a8b  UARTEnable                    
000003a3  UARTSendString                
00000929  UARTStdioConfig               
00000a79  UARTgetc                      
000009bf  UARTgets                      
00000d9b  UARTprintf                    
00000aa1  UARTvprintf                   
0000096f  UARTwrite                     
20000470  WSSController                 
20000470  __STACK_END                   
00000200  __STACK_SIZE                  
20000470  __STACK_TOP                   
00001f08  __TI_CINIT_Base               
00001f18  __TI_CINIT_Limit              
00001ee8  __TI_Handler_Table_Base       
00001ef4  __TI_Handler_Table_Limit      
000017a9  __TI_auto_init_nobinit_nopinit
000014c5  __TI_decompress_lzss          
00001af9  __TI_decompress_none          
ffffffff  __TI_pprof_out_hndl           
ffffffff  __TI_prof_data_size           
ffffffff  __TI_prof_data_start          
00000000  __TI_static_base__            
0000199b  __TI_zero_init_nomemset       
0000145b  __aeabi_idiv0                 
0000145b  __aeabi_ldiv0                 
00001345  __aeabi_memcpy                
00001345  __aeabi_memcpy4               
00001345  __aeabi_memcpy8               
000017ed  __aeabi_uidiv                 
000017ed  __aeabi_uidivmod              
ffffffff  __binit__                     
ffffffff  __c_args__                    
UNDEFED   __mpu_init                    
20000270  __stack                       
20000000  __start___llvm_prf_cnts       
20000000  __stop___llvm_prf_cnts        
000018cd  _c_int00_noargs               
UNDEFED   _system_post_cinit            
00001b65  _system_pre_init              
00001b69  abort                         
ffffffff  binit                         
20000000  g_pfnRAMVectors               
00000000  g_pfnVectors                  
0000072d  initADC                       
00000303  initButtonInterrupt           
000002db  initLEDs                      
000007ab  initSignalInterrupt           
00000e99  initSystemClockFreq           
000003c3  initTimer                     
0000035d  initUART                      
0000026d  initWSS                       
0000077f  intADCHandler                 
0000033b  intButtonHandler              
000007e3  intSignalHandler              
00000689  intTimerHandler               
00000dd1  main                          
00001345  memcpy                        
000002f3  turnOnLED                     


GLOBAL SYMBOLS: SORTED BY Symbol Address 

address   name                          
-------   ----                          
00000000  __TI_static_base__            
00000000  g_pfnVectors                  
00000200  __STACK_SIZE                  
0000026d  initWSS                       
000002db  initLEDs                      
000002f3  turnOnLED                     
00000303  initButtonInterrupt           
0000033b  intButtonHandler              
0000035d  initUART                      
000003a3  UARTSendString                
000003c3  initTimer                     
00000689  intTimerHandler               
0000072d  initADC                       
0000077f  intADCHandler                 
000007ab  initSignalInterrupt           
000007e3  intSignalHandler              
00000929  UARTStdioConfig               
0000096f  UARTwrite                     
000009bf  UARTgets                      
00000a79  UARTgetc                      
00000aa1  UARTvprintf                   
00000d9b  UARTprintf                    
00000dd1  main                          
00000e99  initSystemClockFreq           
00000fcd  GPIOPadConfigSet              
00001139  SysCtlClockGet                
00001251  SysCtlClockSet                
00001345  __aeabi_memcpy                
00001345  __aeabi_memcpy4               
00001345  __aeabi_memcpy8               
00001345  memcpy                        
000013e1  ADCSequenceStepConfigure      
0000145b  __aeabi_idiv0                 
0000145b  __aeabi_ldiv0                 
0000145d  IntEnable                     
000014c5  __TI_decompress_lzss          
0000152d  TimerConfigure                
0000158d  GPIOIntTypeSet                
00001635  ADCSequenceConfigure          
00001685  GPIOPinConfigure              
0000171d  UARTConfigSetExpClk           
000017a9  __TI_auto_init_nobinit_nopinit
000017ed  __aeabi_uidiv                 
000017ed  __aeabi_uidivmod              
0000182d  SysCtlPeripheralPresent       
00001865  IntRegister                   
00001899  SysCtlPeripheralEnable        
000018cd  _c_int00_noargs               
00001901  ADCIntStatus                  
0000192f  GPIODirModeSet                
0000195d  UARTDisable                   
0000197d  ADCSequenceDataGet            
0000199b  __TI_zero_init_nomemset       
000019b7  GPIOPinTypeGPIOOutput         
000019d1  ADCIntRegister                
000019e9  ADCProcessorTrigger           
00001a01  GPIOIntRegister               
00001a19  TimerDisable                  
00001a31  TimerIntRegister              
00001a49  GPIOPinTypeADC                
00001a5f  GPIOPinTypeGPIOInput          
00001a75  GPIOPinTypeUART               
00001a8b  UARTEnable                    
00001a9f  TimerLoadSet                  
00001ab1  ADCIntEnable                  
00001ac1  ADCSequenceEnable             
00001acf  GPIOIntDisable                
00001add  GPIOIntStatus                 
00001aeb  TimerEnable                   
00001af9  __TI_decompress_none          
00001b07  GPIOIntEnable                 
00001b13  ResetISR                      
00001b1f  ADCIntClear                   
00001b29  TimerValueGet                 
00001b33  UARTCharGet                   
00001b3d  UARTCharPut                   
00001b47  TimerIntEnable                
00001b4f  GPIOIntClear                  
00001b55  GPIOPinRead                   
00001b5b  SysCtlDelay                   
00001b61  TimerIntClear                 
00001b65  _system_pre_init              
00001b69  C$$EXIT                       
00001b69  abort                         
00001ee8  __TI_Handler_Table_Base       
00001ef4  __TI_Handler_Table_Limit      
00001f08  __TI_CINIT_Base               
00001f18  __TI_CINIT_Limit              
20000000  __start___llvm_prf_cnts       
20000000  __stop___llvm_prf_cnts        
20000000  g_pfnRAMVectors               
20000270  __stack                       
20000470  WSSController                 
20000470  __STACK_END                   
20000470  __STACK_TOP                   
ffffffff  __TI_pprof_out_hndl           
ffffffff  __TI_prof_data_size           
ffffffff  __TI_prof_data_start          
ffffffff  __binit__                     
ffffffff  __c_args__                    
ffffffff  binit                         
UNDEFED   __mpu_init                    
UNDEFED   _system_post_cinit            

[103 symbols]
