<?xml version="1.0" encoding="ISO-8859-1" ?>
<link_info>
   <banner>TI ARM Linker PC v20.2.2.LTS</banner>
   <copyright>Copyright (c) 1996-2018 Texas Instruments Incorporated</copyright>
   <link_time>0x6025b90a</link_time>
   <link_errors>0x0</link_errors>
   <output_file>WSS.out</output_file>
   <entry_point>
      <name>_c_int00_noargs</name>
      <address>0x18cd</address>
   </entry_point>
   <input_file_list>
      <input_file id="fl-2">
         <path>.\</path>
         <kind>object</kind>
         <file>tm4c123gh6pm_startup_ccs.obj</file>
         <name>tm4c123gh6pm_startup_ccs.obj</name>
      </input_file>
      <input_file id="fl-3">
         <path>.\src\</path>
         <kind>object</kind>
         <file>WSS.obj</file>
         <name>WSS.obj</name>
      </input_file>
      <input_file id="fl-4">
         <path>.\src\</path>
         <kind>object</kind>
         <file>main.obj</file>
         <name>main.obj</name>
      </input_file>
      <input_file id="fl-5">
         <path>.\src\</path>
         <kind>object</kind>
         <file>uartstdio.obj</file>
         <name>uartstdio.obj</name>
      </input_file>
      <input_file id="fl-a">
         <kind>object</kind>
         <file>&lt;internal&gt;</file>
         <name>&lt;internal&gt;</name>
      </input_file>
      <input_file id="fl-c0">
         <path>C:\ti\ccs1020\ccs\tools\compiler\ti-cgt-arm_20.2.2.LTS\lib\</path>
         <kind>archive</kind>
         <file>rtsv7M4_T_le_v4SPD16_eabi.lib</file>
         <name>u_divt2.asm.obj</name>
      </input_file>
      <input_file id="fl-c1">
         <path>C:\ti\ccs1020\ccs\tools\compiler\ti-cgt-arm_20.2.2.LTS\lib\</path>
         <kind>archive</kind>
         <file>rtsv7M4_T_le_v4SPD16_eabi.lib</file>
         <name>copy_zero_init.c.obj</name>
      </input_file>
      <input_file id="fl-c2">
         <path>C:\ti\ccs1020\ccs\tools\compiler\ti-cgt-arm_20.2.2.LTS\lib\</path>
         <kind>archive</kind>
         <file>rtsv7M4_T_le_v4SPD16_eabi.lib</file>
         <name>copy_decompress_none.c.obj</name>
      </input_file>
      <input_file id="fl-c3">
         <path>C:\ti\ccs1020\ccs\tools\compiler\ti-cgt-arm_20.2.2.LTS\lib\</path>
         <kind>archive</kind>
         <file>rtsv7M4_T_le_v4SPD16_eabi.lib</file>
         <name>copy_decompress_lzss.c.obj</name>
      </input_file>
      <input_file id="fl-c4">
         <path>C:\ti\ccs1020\ccs\tools\compiler\ti-cgt-arm_20.2.2.LTS\lib\</path>
         <kind>archive</kind>
         <file>rtsv7M4_T_le_v4SPD16_eabi.lib</file>
         <name>boot_cortex_m.c.obj</name>
      </input_file>
      <input_file id="fl-c5">
         <path>C:\ti\ccs1020\ccs\tools\compiler\ti-cgt-arm_20.2.2.LTS\lib\</path>
         <kind>archive</kind>
         <file>rtsv7M4_T_le_v4SPD16_eabi.lib</file>
         <name>div0.asm.obj</name>
      </input_file>
      <input_file id="fl-c6">
         <path>C:\ti\ccs1020\ccs\tools\compiler\ti-cgt-arm_20.2.2.LTS\lib\</path>
         <kind>archive</kind>
         <file>rtsv7M4_T_le_v4SPD16_eabi.lib</file>
         <name>memcpy_t2.asm.obj</name>
      </input_file>
      <input_file id="fl-c7">
         <path>C:\ti\ccs1020\ccs\tools\compiler\ti-cgt-arm_20.2.2.LTS\lib\</path>
         <kind>archive</kind>
         <file>rtsv7M4_T_le_v4SPD16_eabi.lib</file>
         <name>memset_t2.asm.obj</name>
      </input_file>
      <input_file id="fl-c8">
         <path>C:\ti\ccs1020\ccs\tools\compiler\ti-cgt-arm_20.2.2.LTS\lib\</path>
         <kind>archive</kind>
         <file>rtsv7M4_T_le_v4SPD16_eabi.lib</file>
         <name>autoinit.c.obj</name>
      </input_file>
      <input_file id="fl-c9">
         <path>C:\ti\ccs1020\ccs\tools\compiler\ti-cgt-arm_20.2.2.LTS\lib\</path>
         <kind>archive</kind>
         <file>rtsv7M4_T_le_v4SPD16_eabi.lib</file>
         <name>pre_init.c.obj</name>
      </input_file>
      <input_file id="fl-ca">
         <path>C:\ti\ccs1020\ccs\tools\compiler\ti-cgt-arm_20.2.2.LTS\lib\</path>
         <kind>archive</kind>
         <file>rtsv7M4_T_le_v4SPD16_eabi.lib</file>
         <name>cpy_tbl.c.obj</name>
      </input_file>
      <input_file id="fl-cb">
         <path>C:\ti\ccs1020\ccs\tools\compiler\ti-cgt-arm_20.2.2.LTS\lib\</path>
         <kind>archive</kind>
         <file>rtsv7M4_T_le_v4SPD16_eabi.lib</file>
         <name>exit.c.obj</name>
      </input_file>
      <input_file id="fl-cc">
         <path>C:\ti\ccs1020\ccs\tools\compiler\ti-cgt-arm_20.2.2.LTS\lib\</path>
         <kind>archive</kind>
         <file>rtsv7M4_T_le_v4SPD16_eabi.lib</file>
         <name>_lock.c.obj</name>
      </input_file>
      <input_file id="fl-cd">
         <path>C:\ti\ccs1020\ccs\tools\compiler\ti-cgt-arm_20.2.2.LTS\lib\</path>
         <kind>archive</kind>
         <file>rtsv7M4_T_le_v4SPD16_eabi.lib</file>
         <name>args_main.c.obj</name>
      </input_file>
      <input_file id="fl-ce">
         <path>C:\ti\TivaWare_C_Series-2.2.0.295\driverlib\ccs\Debug\</path>
         <kind>archive</kind>
         <file>driverlib.lib</file>
         <name>adc.obj</name>
      </input_file>
      <input_file id="fl-cf">
         <path>C:\ti\TivaWare_C_Series-2.2.0.295\driverlib\ccs\Debug\</path>
         <kind>archive</kind>
         <file>driverlib.lib</file>
         <name>gpio.obj</name>
      </input_file>
      <input_file id="fl-d0">
         <path>C:\ti\TivaWare_C_Series-2.2.0.295\driverlib\ccs\Debug\</path>
         <kind>archive</kind>
         <file>driverlib.lib</file>
         <name>interrupt.obj</name>
      </input_file>
      <input_file id="fl-d1">
         <path>C:\ti\TivaWare_C_Series-2.2.0.295\driverlib\ccs\Debug\</path>
         <kind>archive</kind>
         <file>driverlib.lib</file>
         <name>sysctl.obj</name>
      </input_file>
      <input_file id="fl-d2">
         <path>C:\ti\TivaWare_C_Series-2.2.0.295\driverlib\ccs\Debug\</path>
         <kind>archive</kind>
         <file>driverlib.lib</file>
         <name>timer.obj</name>
      </input_file>
      <input_file id="fl-d3">
         <path>C:\ti\TivaWare_C_Series-2.2.0.295\driverlib\ccs\Debug\</path>
         <kind>archive</kind>
         <file>driverlib.lib</file>
         <name>uart.obj</name>
      </input_file>
      <input_file id="fl-d4">
         <path>C:\ti\TivaWare_C_Series-2.2.0.295\driverlib\ccs\Debug\</path>
         <kind>archive</kind>
         <file>driverlib.lib</file>
         <name>cpu.obj</name>
      </input_file>
   </input_file_list>
   <object_component_list>
      <object_component id="oc-12">
         <name>.intvecs</name>
         <load_address>0x0</load_address>
         <run_address>0x0</run_address>
         <size>0x26c</size>
         <input_file_ref idref="fl-2"/>
      </object_component>
      <object_component id="oc-c2">
         <name>.text</name>
         <load_address>0x26c</load_address>
         <run_address>0x26c</run_address>
         <size>0x6bc</size>
         <input_file_ref idref="fl-3"/>
      </object_component>
      <object_component id="oc-ce">
         <name>.text</name>
         <load_address>0x928</load_address>
         <run_address>0x928</run_address>
         <size>0x4a8</size>
         <input_file_ref idref="fl-5"/>
      </object_component>
      <object_component id="oc-9b">
         <name>.text</name>
         <load_address>0xdd0</load_address>
         <run_address>0xdd0</run_address>
         <size>0x1fc</size>
         <input_file_ref idref="fl-4"/>
      </object_component>
      <object_component id="oc-145">
         <name>.text:GPIOPadConfigSet</name>
         <load_address>0xfcc</load_address>
         <run_address>0xfcc</run_address>
         <size>0x16c</size>
         <input_file_ref idref="fl-cf"/>
      </object_component>
      <object_component id="oc-e6">
         <name>.text:SysCtlClockGet</name>
         <load_address>0x1138</load_address>
         <run_address>0x1138</run_address>
         <size>0x118</size>
         <input_file_ref idref="fl-d1"/>
      </object_component>
      <object_component id="oc-e0">
         <name>.text:SysCtlClockSet</name>
         <load_address>0x1250</load_address>
         <run_address>0x1250</run_address>
         <size>0xf4</size>
         <input_file_ref idref="fl-d1"/>
      </object_component>
      <object_component id="oc-3b">
         <name>.text</name>
         <load_address>0x1344</load_address>
         <run_address>0x1344</run_address>
         <size>0x9c</size>
         <input_file_ref idref="fl-c6"/>
      </object_component>
      <object_component id="oc-1bd">
         <name>.text:ADCSequenceStepConfigure</name>
         <load_address>0x13e0</load_address>
         <run_address>0x13e0</run_address>
         <size>0x7a</size>
         <input_file_ref idref="fl-ce"/>
      </object_component>
      <object_component id="oc-2b4">
         <name>.text</name>
         <load_address>0x145a</load_address>
         <run_address>0x145a</run_address>
         <size>0x2</size>
         <input_file_ref idref="fl-c5"/>
      </object_component>
      <object_component id="oc-263">
         <name>.text:IntEnable</name>
         <load_address>0x145c</load_address>
         <run_address>0x145c</run_address>
         <size>0x68</size>
         <input_file_ref idref="fl-d0"/>
      </object_component>
      <object_component id="oc-15">
         <name>.text:decompress:lzss:__TI_decompress_lzss</name>
         <load_address>0x14c4</load_address>
         <run_address>0x14c4</run_address>
         <size>0x68</size>
         <input_file_ref idref="fl-c3"/>
      </object_component>
      <object_component id="oc-17b">
         <name>.text:TimerConfigure</name>
         <load_address>0x152c</load_address>
         <run_address>0x152c</run_address>
         <size>0x60</size>
         <input_file_ref idref="fl-d2"/>
      </object_component>
      <object_component id="oc-14b">
         <name>.text:GPIOIntTypeSet</name>
         <load_address>0x158c</load_address>
         <run_address>0x158c</run_address>
         <size>0x58</size>
         <input_file_ref idref="fl-cf"/>
      </object_component>
      <object_component id="oc-28c">
         <name>.text:_ADCIntNumberGet</name>
         <load_address>0x15e4</load_address>
         <run_address>0x15e4</run_address>
         <size>0x50</size>
         <input_file_ref idref="fl-ce"/>
      </object_component>
      <object_component id="oc-1b7">
         <name>.text:ADCSequenceConfigure</name>
         <load_address>0x1634</load_address>
         <run_address>0x1634</run_address>
         <size>0x4e</size>
         <input_file_ref idref="fl-ce"/>
      </object_component>
      <object_component id="oc-163">
         <name>.text:GPIOPinConfigure</name>
         <load_address>0x1684</load_address>
         <run_address>0x1684</run_address>
         <size>0x4c</size>
         <input_file_ref idref="fl-cf"/>
      </object_component>
      <object_component id="oc-27c">
         <name>.text:_TimerIntNumberGet</name>
         <load_address>0x16d0</load_address>
         <run_address>0x16d0</run_address>
         <size>0x4c</size>
         <input_file_ref idref="fl-d2"/>
      </object_component>
      <object_component id="oc-16f">
         <name>.text:UARTConfigSetExpClk</name>
         <load_address>0x171c</load_address>
         <run_address>0x171c</run_address>
         <size>0x46</size>
         <input_file_ref idref="fl-d3"/>
      </object_component>
      <object_component id="oc-257">
         <name>.text:_GPIOIntNumberGet</name>
         <load_address>0x1764</load_address>
         <run_address>0x1764</run_address>
         <size>0x44</size>
         <input_file_ref idref="fl-cf"/>
      </object_component>
      <object_component id="oc-101">
         <name>.text:__TI_auto_init_nobinit_nopinit:__TI_auto_init_nobinit_nopinit</name>
         <load_address>0x17a8</load_address>
         <run_address>0x17a8</run_address>
         <size>0x44</size>
         <input_file_ref idref="fl-c8"/>
      </object_component>
      <object_component id="oc-20b">
         <name>.text</name>
         <load_address>0x17ec</load_address>
         <run_address>0x17ec</run_address>
         <size>0x40</size>
         <input_file_ref idref="fl-c0"/>
      </object_component>
      <object_component id="oc-1f0">
         <name>.text:SysCtlPeripheralPresent</name>
         <load_address>0x182c</load_address>
         <run_address>0x182c</run_address>
         <size>0x38</size>
         <input_file_ref idref="fl-d1"/>
      </object_component>
      <object_component id="oc-25d">
         <name>.text:IntRegister</name>
         <load_address>0x1864</load_address>
         <run_address>0x1864</run_address>
         <size>0x34</size>
         <input_file_ref idref="fl-d0"/>
      </object_component>
      <object_component id="oc-133">
         <name>.text:SysCtlPeripheralEnable</name>
         <load_address>0x1898</load_address>
         <run_address>0x1898</run_address>
         <size>0x34</size>
         <input_file_ref idref="fl-d1"/>
      </object_component>
      <object_component id="oc-59">
         <name>.text:_c_int00_noargs:_c_int00_noargs</name>
         <load_address>0x18cc</load_address>
         <run_address>0x18cc</run_address>
         <size>0x34</size>
         <input_file_ref idref="fl-c4"/>
      </object_component>
      <object_component id="oc-1a5">
         <name>.text:ADCIntStatus</name>
         <load_address>0x1900</load_address>
         <run_address>0x1900</run_address>
         <size>0x2e</size>
         <input_file_ref idref="fl-ce"/>
      </object_component>
      <object_component id="oc-24d">
         <name>.text:GPIODirModeSet</name>
         <load_address>0x192e</load_address>
         <run_address>0x192e</run_address>
         <size>0x2c</size>
         <input_file_ref idref="fl-cf"/>
      </object_component>
      <object_component id="oc-271">
         <name>.text:UARTDisable</name>
         <load_address>0x195c</load_address>
         <run_address>0x195c</run_address>
         <size>0x20</size>
         <input_file_ref idref="fl-d3"/>
      </object_component>
      <object_component id="oc-1db">
         <name>.text:ADCSequenceDataGet</name>
         <load_address>0x197c</load_address>
         <run_address>0x197c</run_address>
         <size>0x1e</size>
         <input_file_ref idref="fl-ce"/>
      </object_component>
      <object_component id="oc-47">
         <name>.text:decompress:ZI:__TI_zero_init_nomemset:__TI_zero_init_nomemset</name>
         <load_address>0x199a</load_address>
         <run_address>0x199a</run_address>
         <size>0x1c</size>
         <input_file_ref idref="fl-c1"/>
      </object_component>
      <object_component id="oc-139">
         <name>.text:GPIOPinTypeGPIOOutput</name>
         <load_address>0x19b6</load_address>
         <run_address>0x19b6</run_address>
         <size>0x1a</size>
         <input_file_ref idref="fl-cf"/>
      </object_component>
      <object_component id="oc-1c3">
         <name>.text:ADCIntRegister</name>
         <load_address>0x19d0</load_address>
         <run_address>0x19d0</run_address>
         <size>0x18</size>
         <input_file_ref idref="fl-ce"/>
      </object_component>
      <object_component id="oc-c8">
         <name>.text:ADCProcessorTrigger</name>
         <load_address>0x19e8</load_address>
         <run_address>0x19e8</run_address>
         <size>0x18</size>
         <input_file_ref idref="fl-ce"/>
      </object_component>
      <object_component id="oc-151">
         <name>.text:GPIOIntRegister</name>
         <load_address>0x1a00</load_address>
         <run_address>0x1a00</run_address>
         <size>0x18</size>
         <input_file_ref idref="fl-cf"/>
      </object_component>
      <object_component id="oc-193">
         <name>.text:TimerDisable</name>
         <load_address>0x1a18</load_address>
         <run_address>0x1a18</run_address>
         <size>0x18</size>
         <input_file_ref idref="fl-d2"/>
      </object_component>
      <object_component id="oc-187">
         <name>.text:TimerIntRegister</name>
         <load_address>0x1a30</load_address>
         <run_address>0x1a30</run_address>
         <size>0x18</size>
         <input_file_ref idref="fl-d2"/>
      </object_component>
      <object_component id="oc-1b1">
         <name>.text:GPIOPinTypeADC</name>
         <load_address>0x1a48</load_address>
         <run_address>0x1a48</run_address>
         <size>0x16</size>
         <input_file_ref idref="fl-cf"/>
      </object_component>
      <object_component id="oc-13f">
         <name>.text:GPIOPinTypeGPIOInput</name>
         <load_address>0x1a5e</load_address>
         <run_address>0x1a5e</run_address>
         <size>0x16</size>
         <input_file_ref idref="fl-cf"/>
      </object_component>
      <object_component id="oc-169">
         <name>.text:GPIOPinTypeUART</name>
         <load_address>0x1a74</load_address>
         <run_address>0x1a74</run_address>
         <size>0x16</size>
         <input_file_ref idref="fl-cf"/>
      </object_component>
      <object_component id="oc-1f6">
         <name>.text:UARTEnable</name>
         <load_address>0x1a8a</load_address>
         <run_address>0x1a8a</run_address>
         <size>0x14</size>
         <input_file_ref idref="fl-d3"/>
      </object_component>
      <object_component id="oc-181">
         <name>.text:TimerLoadSet</name>
         <load_address>0x1a9e</load_address>
         <run_address>0x1a9e</run_address>
         <size>0x12</size>
         <input_file_ref idref="fl-d2"/>
      </object_component>
      <object_component id="oc-1c9">
         <name>.text:ADCIntEnable</name>
         <load_address>0x1ab0</load_address>
         <run_address>0x1ab0</run_address>
         <size>0x10</size>
         <input_file_ref idref="fl-ce"/>
      </object_component>
      <object_component id="oc-1cf">
         <name>.text:ADCSequenceEnable</name>
         <load_address>0x1ac0</load_address>
         <run_address>0x1ac0</run_address>
         <size>0xe</size>
         <input_file_ref idref="fl-ce"/>
      </object_component>
      <object_component id="oc-199">
         <name>.text:GPIOIntDisable</name>
         <load_address>0x1ace</load_address>
         <run_address>0x1ace</run_address>
         <size>0xe</size>
         <input_file_ref idref="fl-cf"/>
      </object_component>
      <object_component id="oc-157">
         <name>.text:GPIOIntStatus</name>
         <load_address>0x1adc</load_address>
         <run_address>0x1adc</run_address>
         <size>0xe</size>
         <input_file_ref idref="fl-cf"/>
      </object_component>
      <object_component id="oc-da">
         <name>.text:TimerEnable</name>
         <load_address>0x1aea</load_address>
         <run_address>0x1aea</run_address>
         <size>0xe</size>
         <input_file_ref idref="fl-d2"/>
      </object_component>
      <object_component id="oc-1b">
         <name>.text:decompress:none:__TI_decompress_none</name>
         <load_address>0x1af8</load_address>
         <run_address>0x1af8</run_address>
         <size>0xe</size>
         <input_file_ref idref="fl-c2"/>
      </object_component>
      <object_component id="oc-d4">
         <name>.text:GPIOIntEnable</name>
         <load_address>0x1b06</load_address>
         <run_address>0x1b06</run_address>
         <size>0xc</size>
         <input_file_ref idref="fl-cf"/>
      </object_component>
      <object_component id="oc-27">
         <name>.text</name>
         <load_address>0x1b12</load_address>
         <run_address>0x1b12</run_address>
         <size>0xc</size>
         <input_file_ref idref="fl-2"/>
      </object_component>
      <object_component id="oc-1d5">
         <name>.text:ADCIntClear</name>
         <load_address>0x1b1e</load_address>
         <run_address>0x1b1e</run_address>
         <size>0xa</size>
         <input_file_ref idref="fl-ce"/>
      </object_component>
      <object_component id="oc-1ab">
         <name>.text:TimerValueGet</name>
         <load_address>0x1b28</load_address>
         <run_address>0x1b28</run_address>
         <size>0xa</size>
         <input_file_ref idref="fl-d2"/>
      </object_component>
      <object_component id="oc-1fc">
         <name>.text:UARTCharGet</name>
         <load_address>0x1b32</load_address>
         <run_address>0x1b32</run_address>
         <size>0xa</size>
         <input_file_ref idref="fl-d3"/>
      </object_component>
      <object_component id="oc-175">
         <name>.text:UARTCharPut</name>
         <load_address>0x1b3c</load_address>
         <run_address>0x1b3c</run_address>
         <size>0xa</size>
         <input_file_ref idref="fl-d3"/>
      </object_component>
      <object_component id="oc-18d">
         <name>.text:TimerIntEnable</name>
         <load_address>0x1b46</load_address>
         <run_address>0x1b46</run_address>
         <size>0x8</size>
         <input_file_ref idref="fl-d2"/>
      </object_component>
      <object_component id="oc-15d">
         <name>.text:GPIOIntClear</name>
         <load_address>0x1b4e</load_address>
         <run_address>0x1b4e</run_address>
         <size>0x6</size>
         <input_file_ref idref="fl-cf"/>
      </object_component>
      <object_component id="oc-1e1">
         <name>.text:GPIOPinRead</name>
         <load_address>0x1b54</load_address>
         <run_address>0x1b54</run_address>
         <size>0x6</size>
         <input_file_ref idref="fl-cf"/>
      </object_component>
      <object_component id="oc-21e">
         <name>.text:SysCtlDelay</name>
         <load_address>0x1b5a</load_address>
         <run_address>0x1b5a</run_address>
         <size>0x6</size>
         <input_file_ref idref="fl-d1"/>
      </object_component>
      <object_component id="oc-19f">
         <name>.text:TimerIntClear</name>
         <load_address>0x1b60</load_address>
         <run_address>0x1b60</run_address>
         <size>0x4</size>
         <input_file_ref idref="fl-d2"/>
      </object_component>
      <object_component id="oc-95">
         <name>.text:_system_pre_init</name>
         <load_address>0x1b64</load_address>
         <run_address>0x1b64</run_address>
         <size>0x4</size>
         <input_file_ref idref="fl-c9"/>
      </object_component>
      <object_component id="oc-f5">
         <name>.text:abort:abort</name>
         <load_address>0x1b68</load_address>
         <run_address>0x1b68</run_address>
         <size>0x4</size>
         <input_file_ref idref="fl-cb"/>
      </object_component>
      <object_component id="oc-2f0">
         <name>.const:g_ppui32GPIOIntMapSnowflake</name>
         <load_address>0x1b6c</load_address>
         <run_address>0x1b6c</run_address>
         <size>0xd8</size>
         <input_file_ref idref="fl-cf"/>
      </object_component>
      <object_component id="oc-2ed">
         <name>.const:g_ppui32GPIOIntMapBlizzard</name>
         <load_address>0x1c44</load_address>
         <run_address>0x1c44</run_address>
         <size>0xc0</size>
         <input_file_ref idref="fl-cf"/>
      </object_component>
      <object_component id="oc-26c">
         <name>.const:g_pui32GPIOBaseAddrs</name>
         <load_address>0x1d04</load_address>
         <run_address>0x1d04</run_address>
         <size>0x90</size>
         <input_file_ref idref="fl-cf"/>
      </object_component>
      <object_component id="oc-221">
         <name>.const:g_pui32Xtals</name>
         <load_address>0x1d94</load_address>
         <run_address>0x1d94</run_address>
         <size>0x6c</size>
         <input_file_ref idref="fl-d1"/>
      </object_component>
      <object_component id="oc-302">
         <name>.const:g_ppui32TimerIntMap</name>
         <load_address>0x1e00</load_address>
         <run_address>0x1e00</run_address>
         <size>0x60</size>
         <input_file_ref idref="fl-d2"/>
      </object_component>
      <object_component id="oc-305">
         <name>.const:g_ppui32TimerIntMapSnowflake</name>
         <load_address>0x1e60</load_address>
         <run_address>0x1e60</run_address>
         <size>0x40</size>
         <input_file_ref idref="fl-d2"/>
      </object_component>
      <object_component id="oc-2f9">
         <name>.const:g_pui32EnRegs</name>
         <load_address>0x1ea0</load_address>
         <run_address>0x1ea0</run_address>
         <size>0x14</size>
         <input_file_ref idref="fl-d0"/>
      </object_component>
      <object_component id="oc-2ba">
         <name>.const:.string</name>
         <load_address>0x1eb4</load_address>
         <run_address>0x1eb4</run_address>
         <size>0x12</size>
         <input_file_ref idref="fl-5"/>
      </object_component>
      <object_component id="oc-208">
         <name>.const:g_ui32UARTBase</name>
         <load_address>0x1ec8</load_address>
         <run_address>0x1ec8</run_address>
         <size>0xc</size>
         <input_file_ref idref="fl-5"/>
      </object_component>
      <object_component id="oc-202">
         <name>.const:g_ui32UARTPeriph</name>
         <load_address>0x1ed4</load_address>
         <run_address>0x1ed4</run_address>
         <size>0xc</size>
         <input_file_ref idref="fl-5"/>
      </object_component>
      <object_component id="oc-210">
         <name>.const</name>
         <load_address>0x1ee0</load_address>
         <run_address>0x1ee0</run_address>
         <size>0x4</size>
         <input_file_ref idref="fl-5"/>
      </object_component>
      <object_component id="oc-351">
         <name>__TI_handler_table</name>
         <load_address>0x1ee8</load_address>
         <run_address>0x1ee8</run_address>
         <size>0xc</size>
      </object_component>
      <object_component id="oc-354">
         <name>.cinit..data.load</name>
         <load_address>0x1ef4</load_address>
         <run_address>0x1ef4</run_address>
         <size>0x9</size>
      </object_component>
      <object_component id="oc-353">
         <name>.cinit..vtable.load</name>
         <load_address>0x1f00</load_address>
         <run_address>0x1f00</run_address>
         <size>0x8</size>
      </object_component>
      <object_component id="oc-352">
         <name>__TI_cinit_table</name>
         <load_address>0x1f08</load_address>
         <run_address>0x1f08</run_address>
         <size>0x10</size>
      </object_component>
      <object_component id="oc-2f4">
         <name>.vtable</name>
         <uninitialized>true</uninitialized>
         <run_address>0x20000000</run_address>
         <size>0x26c</size>
         <input_file_ref idref="fl-d0"/>
      </object_component>
      <object_component id="oc-ec">
         <name>.data:WSSController</name>
         <load_address>0x20000470</load_address>
         <run_address>0x20000470</run_address>
         <size>0xc</size>
         <input_file_ref idref="fl-4"/>
      </object_component>
      <object_component id="oc-205">
         <name>.data</name>
         <load_address>0x2000047c</load_address>
         <run_address>0x2000047c</run_address>
         <size>0x5</size>
         <input_file_ref idref="fl-5"/>
      </object_component>
      <object_component id="oc-24">
         <name>.stack</name>
         <uninitialized>true</uninitialized>
         <run_address>0x20000270</run_address>
         <size>0x4</size>
         <input_file_ref idref="fl-c4"/>
      </object_component>
      <object_component id="oc-356">
         <name>.stack</name>
         <uninitialized>true</uninitialized>
         <run_address>0x20000270</run_address>
         <size>0x0</size>
      </object_component>
      <object_component id="oc-2f">
         <name>.debug_info</name>
         <load_address>0x0</load_address>
         <run_address>0x0</run_address>
         <size>0x2a5</size>
         <input_file_ref idref="fl-2"/>
      </object_component>
      <object_component id="oc-13">
         <name>.debug_info</name>
         <load_address>0x2a5</load_address>
         <run_address>0x2a5</run_address>
         <size>0xe4</size>
         <input_file_ref idref="fl-2"/>
      </object_component>
      <object_component id="oc-28">
         <name>.debug_info</name>
         <load_address>0x389</load_address>
         <run_address>0x389</run_address>
         <size>0x260</size>
         <input_file_ref idref="fl-2"/>
      </object_component>
      <object_component id="oc-70">
         <name>.debug_info</name>
         <load_address>0x5e9</load_address>
         <run_address>0x5e9</run_address>
         <size>0x26b</size>
         <input_file_ref idref="fl-2"/>
      </object_component>
      <object_component id="oc-36">
         <name>.debug_info</name>
         <load_address>0x854</load_address>
         <run_address>0x854</run_address>
         <size>0x84</size>
         <input_file_ref idref="fl-2"/>
      </object_component>
      <object_component id="oc-ad">
         <name>.debug_info</name>
         <load_address>0x8d8</load_address>
         <run_address>0x8d8</run_address>
         <size>0x2a4</size>
         <input_file_ref idref="fl-2"/>
      </object_component>
      <object_component id="oc-75">
         <name>.debug_info</name>
         <load_address>0xb7c</load_address>
         <run_address>0xb7c</run_address>
         <size>0xbb</size>
         <input_file_ref idref="fl-2"/>
      </object_component>
      <object_component id="oc-1e8">
         <name>.debug_info</name>
         <load_address>0xc37</load_address>
         <run_address>0xc37</run_address>
         <size>0xa2e</size>
         <input_file_ref idref="fl-3"/>
      </object_component>
      <object_component id="oc-c5">
         <name>.debug_info</name>
         <load_address>0x1665</load_address>
         <run_address>0x1665</run_address>
         <size>0xca7</size>
         <input_file_ref idref="fl-3"/>
      </object_component>
      <object_component id="oc-227">
         <name>.debug_info</name>
         <load_address>0x230c</load_address>
         <run_address>0x230c</run_address>
         <size>0x2b2</size>
         <input_file_ref idref="fl-3"/>
      </object_component>
      <object_component id="oc-f0">
         <name>.debug_info</name>
         <load_address>0x25be</load_address>
         <run_address>0x25be</run_address>
         <size>0x8b</size>
         <input_file_ref idref="fl-3"/>
      </object_component>
      <object_component id="oc-b9">
         <name>.debug_info</name>
         <load_address>0x2649</load_address>
         <run_address>0x2649</run_address>
         <size>0x2c</size>
         <input_file_ref idref="fl-3"/>
      </object_component>
      <object_component id="oc-215">
         <name>.debug_info</name>
         <load_address>0x2675</load_address>
         <run_address>0x2675</run_address>
         <size>0x2c</size>
         <input_file_ref idref="fl-3"/>
      </object_component>
      <object_component id="oc-ed">
         <name>.debug_info</name>
         <load_address>0x26a1</load_address>
         <run_address>0x26a1</run_address>
         <size>0xd6</size>
         <input_file_ref idref="fl-4"/>
      </object_component>
      <object_component id="oc-9c">
         <name>.debug_info</name>
         <load_address>0x2777</load_address>
         <run_address>0x2777</run_address>
         <size>0x27a</size>
         <input_file_ref idref="fl-4"/>
      </object_component>
      <object_component id="oc-214">
         <name>.debug_info</name>
         <load_address>0x29f1</load_address>
         <run_address>0x29f1</run_address>
         <size>0x3dd</size>
         <input_file_ref idref="fl-5"/>
      </object_component>
      <object_component id="oc-206">
         <name>.debug_info</name>
         <load_address>0x2dce</load_address>
         <run_address>0x2dce</run_address>
         <size>0xd4</size>
         <input_file_ref idref="fl-5"/>
      </object_component>
      <object_component id="oc-211">
         <name>.debug_info</name>
         <load_address>0x2ea2</load_address>
         <run_address>0x2ea2</run_address>
         <size>0xce</size>
         <input_file_ref idref="fl-5"/>
      </object_component>
      <object_component id="oc-209">
         <name>.debug_info</name>
         <load_address>0x2f70</load_address>
         <run_address>0x2f70</run_address>
         <size>0xdc</size>
         <input_file_ref idref="fl-5"/>
      </object_component>
      <object_component id="oc-203">
         <name>.debug_info</name>
         <load_address>0x304c</load_address>
         <run_address>0x304c</run_address>
         <size>0xe0</size>
         <input_file_ref idref="fl-5"/>
      </object_component>
      <object_component id="oc-d0">
         <name>.debug_info</name>
         <load_address>0x312c</load_address>
         <run_address>0x312c</run_address>
         <size>0x7ad</size>
         <input_file_ref idref="fl-5"/>
      </object_component>
      <object_component id="oc-20e">
         <name>.debug_info</name>
         <load_address>0x38d9</load_address>
         <run_address>0x38d9</run_address>
         <size>0x142</size>
         <input_file_ref idref="fl-c0"/>
      </object_component>
      <object_component id="oc-8e">
         <name>.debug_info</name>
         <load_address>0x3a1b</load_address>
         <run_address>0x3a1b</run_address>
         <size>0x2d4</size>
         <input_file_ref idref="fl-c1"/>
      </object_component>
      <object_component id="oc-4b">
         <name>.debug_info</name>
         <load_address>0x3cef</load_address>
         <run_address>0x3cef</run_address>
         <size>0x1d2</size>
         <input_file_ref idref="fl-c1"/>
      </object_component>
      <object_component id="oc-89">
         <name>.debug_info</name>
         <load_address>0x3ec1</load_address>
         <run_address>0x3ec1</run_address>
         <size>0x46</size>
         <input_file_ref idref="fl-c1"/>
      </object_component>
      <object_component id="oc-46">
         <name>.debug_info</name>
         <load_address>0x3f07</load_address>
         <run_address>0x3f07</run_address>
         <size>0x2a8</size>
         <input_file_ref idref="fl-c2"/>
      </object_component>
      <object_component id="oc-1f">
         <name>.debug_info</name>
         <load_address>0x41af</load_address>
         <run_address>0x41af</run_address>
         <size>0x1ea</size>
         <input_file_ref idref="fl-c2"/>
      </object_component>
      <object_component id="oc-41">
         <name>.debug_info</name>
         <load_address>0x4399</load_address>
         <run_address>0x4399</run_address>
         <size>0x46</size>
         <input_file_ref idref="fl-c2"/>
      </object_component>
      <object_component id="oc-81">
         <name>.debug_info</name>
         <load_address>0x43df</load_address>
         <run_address>0x43df</run_address>
         <size>0x2c</size>
         <input_file_ref idref="fl-c2"/>
      </object_component>
      <object_component id="oc-7f">
         <name>.debug_info</name>
         <load_address>0x440b</load_address>
         <run_address>0x440b</run_address>
         <size>0x29e</size>
         <input_file_ref idref="fl-c3"/>
      </object_component>
      <object_component id="oc-19">
         <name>.debug_info</name>
         <load_address>0x46a9</load_address>
         <run_address>0x46a9</run_address>
         <size>0x250</size>
         <input_file_ref idref="fl-c3"/>
      </object_component>
      <object_component id="oc-31">
         <name>.debug_info</name>
         <load_address>0x48f9</load_address>
         <run_address>0x48f9</run_address>
         <size>0x60</size>
         <input_file_ref idref="fl-c3"/>
      </object_component>
      <object_component id="oc-b2">
         <name>.debug_info</name>
         <load_address>0x4959</load_address>
         <run_address>0x4959</run_address>
         <size>0x46</size>
         <input_file_ref idref="fl-c3"/>
      </object_component>
      <object_component id="oc-7a">
         <name>.debug_info</name>
         <load_address>0x499f</load_address>
         <run_address>0x499f</run_address>
         <size>0x39</size>
         <input_file_ref idref="fl-c3"/>
      </object_component>
      <object_component id="oc-25">
         <name>.debug_info</name>
         <load_address>0x49d8</load_address>
         <run_address>0x49d8</run_address>
         <size>0x10b</size>
         <input_file_ref idref="fl-c4"/>
      </object_component>
      <object_component id="oc-5a">
         <name>.debug_info</name>
         <load_address>0x4ae3</load_address>
         <run_address>0x4ae3</run_address>
         <size>0x1a9</size>
         <input_file_ref idref="fl-c4"/>
      </object_component>
      <object_component id="oc-2b6">
         <name>.debug_info</name>
         <load_address>0x4c8c</load_address>
         <run_address>0x4c8c</run_address>
         <size>0x115</size>
         <input_file_ref idref="fl-c5"/>
      </object_component>
      <object_component id="oc-3c">
         <name>.debug_info</name>
         <load_address>0x4da1</load_address>
         <run_address>0x4da1</run_address>
         <size>0x119</size>
         <input_file_ref idref="fl-c6"/>
      </object_component>
      <object_component id="oc-237">
         <name>.debug_info</name>
         <load_address>0x4eba</load_address>
         <run_address>0x4eba</run_address>
         <size>0x4b3</size>
         <input_file_ref idref="fl-c8"/>
      </object_component>
      <object_component id="oc-103">
         <name>.debug_info</name>
         <load_address>0x536d</load_address>
         <run_address>0x536d</run_address>
         <size>0x1a6</size>
         <input_file_ref idref="fl-c8"/>
      </object_component>
      <object_component id="oc-2db">
         <name>.debug_info</name>
         <load_address>0x5513</load_address>
         <run_address>0x5513</run_address>
         <size>0x39</size>
         <input_file_ref idref="fl-c8"/>
      </object_component>
      <object_component id="oc-30e">
         <name>.debug_info</name>
         <load_address>0x554c</load_address>
         <run_address>0x554c</run_address>
         <size>0x39</size>
         <input_file_ref idref="fl-c8"/>
      </object_component>
      <object_component id="oc-2e0">
         <name>.debug_info</name>
         <load_address>0x5585</load_address>
         <run_address>0x5585</run_address>
         <size>0x39</size>
         <input_file_ref idref="fl-c8"/>
      </object_component>
      <object_component id="oc-2e5">
         <name>.debug_info</name>
         <load_address>0x55be</load_address>
         <run_address>0x55be</run_address>
         <size>0xcd</size>
         <input_file_ref idref="fl-c8"/>
      </object_component>
      <object_component id="oc-96">
         <name>.debug_info</name>
         <load_address>0x568b</load_address>
         <run_address>0x568b</run_address>
         <size>0x153</size>
         <input_file_ref idref="fl-c9"/>
      </object_component>
      <object_component id="oc-f8">
         <name>.debug_info</name>
         <load_address>0x57de</load_address>
         <run_address>0x57de</run_address>
         <size>0x122</size>
         <input_file_ref idref="fl-cb"/>
      </object_component>
      <object_component id="oc-1ef">
         <name>.debug_info</name>
         <load_address>0x5900</load_address>
         <run_address>0x5900</run_address>
         <size>0x3ba</size>
         <input_file_ref idref="fl-ce"/>
      </object_component>
      <object_component id="oc-1bf">
         <name>.debug_info</name>
         <load_address>0x5cba</load_address>
         <run_address>0x5cba</run_address>
         <size>0x33c</size>
         <input_file_ref idref="fl-ce"/>
      </object_component>
      <object_component id="oc-1d1">
         <name>.debug_info</name>
         <load_address>0x5ff6</load_address>
         <run_address>0x5ff6</run_address>
         <size>0x2a9</size>
         <input_file_ref idref="fl-ce"/>
      </object_component>
      <object_component id="oc-1dd">
         <name>.debug_info</name>
         <load_address>0x629f</load_address>
         <run_address>0x629f</run_address>
         <size>0x308</size>
         <input_file_ref idref="fl-ce"/>
      </object_component>
      <object_component id="oc-1b9">
         <name>.debug_info</name>
         <load_address>0x65a7</load_address>
         <run_address>0x65a7</run_address>
         <size>0x32f</size>
         <input_file_ref idref="fl-ce"/>
      </object_component>
      <object_component id="oc-ca">
         <name>.debug_info</name>
         <load_address>0x68d6</load_address>
         <run_address>0x68d6</run_address>
         <size>0x2ad</size>
         <input_file_ref idref="fl-ce"/>
      </object_component>
      <object_component id="oc-28e">
         <name>.debug_info</name>
         <load_address>0x6b83</load_address>
         <run_address>0x6b83</run_address>
         <size>0x2c8</size>
         <input_file_ref idref="fl-ce"/>
      </object_component>
      <object_component id="oc-1a7">
         <name>.debug_info</name>
         <load_address>0x6e4b</load_address>
         <run_address>0x6e4b</run_address>
         <size>0x2f0</size>
         <input_file_ref idref="fl-ce"/>
      </object_component>
      <object_component id="oc-1c5">
         <name>.debug_info</name>
         <load_address>0x713b</load_address>
         <run_address>0x713b</run_address>
         <size>0x2e8</size>
         <input_file_ref idref="fl-ce"/>
      </object_component>
      <object_component id="oc-1cb">
         <name>.debug_info</name>
         <load_address>0x7423</load_address>
         <run_address>0x7423</run_address>
         <size>0x29f</size>
         <input_file_ref idref="fl-ce"/>
      </object_component>
      <object_component id="oc-1d7">
         <name>.debug_info</name>
         <load_address>0x76c2</load_address>
         <run_address>0x76c2</run_address>
         <size>0x29d</size>
         <input_file_ref idref="fl-ce"/>
      </object_component>
      <object_component id="oc-2a6">
         <name>.debug_info</name>
         <load_address>0x795f</load_address>
         <run_address>0x795f</run_address>
         <size>0x26b</size>
         <input_file_ref idref="fl-ce"/>
      </object_component>
      <object_component id="oc-29f">
         <name>.debug_info</name>
         <load_address>0x7bca</load_address>
         <run_address>0x7bca</run_address>
         <size>0x297</size>
         <input_file_ref idref="fl-ce"/>
      </object_component>
      <object_component id="oc-293">
         <name>.debug_info</name>
         <load_address>0x7e61</load_address>
         <run_address>0x7e61</run_address>
         <size>0xef</size>
         <input_file_ref idref="fl-ce"/>
      </object_component>
      <object_component id="oc-1ea">
         <name>.debug_info</name>
         <load_address>0x7f50</load_address>
         <run_address>0x7f50</run_address>
         <size>0xbb</size>
         <input_file_ref idref="fl-ce"/>
      </object_component>
      <object_component id="oc-21b">
         <name>.debug_info</name>
         <load_address>0x800b</load_address>
         <run_address>0x800b</run_address>
         <size>0x3e4</size>
         <input_file_ref idref="fl-cf"/>
      </object_component>
      <object_component id="oc-2ee">
         <name>.debug_info</name>
         <load_address>0x83ef</load_address>
         <run_address>0x83ef</run_address>
         <size>0x170</size>
         <input_file_ref idref="fl-cf"/>
      </object_component>
      <object_component id="oc-2f1">
         <name>.debug_info</name>
         <load_address>0x855f</load_address>
         <run_address>0x855f</run_address>
         <size>0x172</size>
         <input_file_ref idref="fl-cf"/>
      </object_component>
      <object_component id="oc-26d">
         <name>.debug_info</name>
         <load_address>0x86d1</load_address>
         <run_address>0x86d1</run_address>
         <size>0x164</size>
         <input_file_ref idref="fl-cf"/>
      </object_component>
      <object_component id="oc-24e">
         <name>.debug_info</name>
         <load_address>0x8835</load_address>
         <run_address>0x8835</run_address>
         <size>0x2bc</size>
         <input_file_ref idref="fl-cf"/>
      </object_component>
      <object_component id="oc-146">
         <name>.debug_info</name>
         <load_address>0x8af1</load_address>
         <run_address>0x8af1</run_address>
         <size>0x31f</size>
         <input_file_ref idref="fl-cf"/>
      </object_component>
      <object_component id="oc-16a">
         <name>.debug_info</name>
         <load_address>0x8e10</load_address>
         <run_address>0x8e10</run_address>
         <size>0x29b</size>
         <input_file_ref idref="fl-cf"/>
      </object_component>
      <object_component id="oc-13a">
         <name>.debug_info</name>
         <load_address>0x90ab</load_address>
         <run_address>0x90ab</run_address>
         <size>0x2c0</size>
         <input_file_ref idref="fl-cf"/>
      </object_component>
      <object_component id="oc-140">
         <name>.debug_info</name>
         <load_address>0x936b</load_address>
         <run_address>0x936b</run_address>
         <size>0x2a5</size>
         <input_file_ref idref="fl-cf"/>
      </object_component>
      <object_component id="oc-1b2">
         <name>.debug_info</name>
         <load_address>0x9610</load_address>
         <run_address>0x9610</run_address>
         <size>0x299</size>
         <input_file_ref idref="fl-cf"/>
      </object_component>
      <object_component id="oc-1e2">
         <name>.debug_info</name>
         <load_address>0x98a9</load_address>
         <run_address>0x98a9</run_address>
         <size>0x284</size>
         <input_file_ref idref="fl-cf"/>
      </object_component>
      <object_component id="oc-164">
         <name>.debug_info</name>
         <load_address>0x9b2d</load_address>
         <run_address>0x9b2d</run_address>
         <size>0x289</size>
         <input_file_ref idref="fl-cf"/>
      </object_component>
      <object_component id="oc-258">
         <name>.debug_info</name>
         <load_address>0x9db6</load_address>
         <run_address>0x9db6</run_address>
         <size>0x2a1</size>
         <input_file_ref idref="fl-cf"/>
      </object_component>
      <object_component id="oc-14c">
         <name>.debug_info</name>
         <load_address>0xa057</load_address>
         <run_address>0xa057</run_address>
         <size>0x2c4</size>
         <input_file_ref idref="fl-cf"/>
      </object_component>
      <object_component id="oc-158">
         <name>.debug_info</name>
         <load_address>0xa31b</load_address>
         <run_address>0xa31b</run_address>
         <size>0x288</size>
         <input_file_ref idref="fl-cf"/>
      </object_component>
      <object_component id="oc-152">
         <name>.debug_info</name>
         <load_address>0xa5a3</load_address>
         <run_address>0xa5a3</run_address>
         <size>0x2d8</size>
         <input_file_ref idref="fl-cf"/>
      </object_component>
      <object_component id="oc-d5">
         <name>.debug_info</name>
         <load_address>0xa87b</load_address>
         <run_address>0xa87b</run_address>
         <size>0x298</size>
         <input_file_ref idref="fl-cf"/>
      </object_component>
      <object_component id="oc-19a">
         <name>.debug_info</name>
         <load_address>0xab13</load_address>
         <run_address>0xab13</run_address>
         <size>0x29a</size>
         <input_file_ref idref="fl-cf"/>
      </object_component>
      <object_component id="oc-15e">
         <name>.debug_info</name>
         <load_address>0xadad</load_address>
         <run_address>0xadad</run_address>
         <size>0x296</size>
         <input_file_ref idref="fl-cf"/>
      </object_component>
      <object_component id="oc-2f8">
         <name>.debug_info</name>
         <load_address>0xb043</load_address>
         <run_address>0xb043</run_address>
         <size>0x3b7</size>
         <input_file_ref idref="fl-d0"/>
      </object_component>
      <object_component id="oc-2fa">
         <name>.debug_info</name>
         <load_address>0xb3fa</load_address>
         <run_address>0xb3fa</run_address>
         <size>0x15b</size>
         <input_file_ref idref="fl-d0"/>
      </object_component>
      <object_component id="oc-2f5">
         <name>.debug_info</name>
         <load_address>0xb555</load_address>
         <run_address>0xb555</run_address>
         <size>0x160</size>
         <input_file_ref idref="fl-d0"/>
      </object_component>
      <object_component id="oc-25e">
         <name>.debug_info</name>
         <load_address>0xb6b5</load_address>
         <run_address>0xb6b5</run_address>
         <size>0x2ca</size>
         <input_file_ref idref="fl-d0"/>
      </object_component>
      <object_component id="oc-266">
         <name>.debug_info</name>
         <load_address>0xb97f</load_address>
         <run_address>0xb97f</run_address>
         <size>0x271</size>
         <input_file_ref idref="fl-d0"/>
      </object_component>
      <object_component id="oc-220">
         <name>.debug_info</name>
         <load_address>0xbbf0</load_address>
         <run_address>0xbbf0</run_address>
         <size>0x441</size>
         <input_file_ref idref="fl-d1"/>
      </object_component>
      <object_component id="oc-222">
         <name>.debug_info</name>
         <load_address>0xc031</load_address>
         <run_address>0xc031</run_address>
         <size>0x156</size>
         <input_file_ref idref="fl-d1"/>
      </object_component>
      <object_component id="oc-1f2">
         <name>.debug_info</name>
         <load_address>0xc187</load_address>
         <run_address>0xc187</run_address>
         <size>0x28c</size>
         <input_file_ref idref="fl-d1"/>
      </object_component>
      <object_component id="oc-135">
         <name>.debug_info</name>
         <load_address>0xc413</load_address>
         <run_address>0xc413</run_address>
         <size>0x286</size>
         <input_file_ref idref="fl-d1"/>
      </object_component>
      <object_component id="oc-e1">
         <name>.debug_info</name>
         <load_address>0xc699</load_address>
         <run_address>0xc699</run_address>
         <size>0x2e4</size>
         <input_file_ref idref="fl-d1"/>
      </object_component>
      <object_component id="oc-e7">
         <name>.debug_info</name>
         <load_address>0xc97d</load_address>
         <run_address>0xc97d</run_address>
         <size>0x2be</size>
         <input_file_ref idref="fl-d1"/>
      </object_component>
      <object_component id="oc-2c5">
         <name>.debug_info</name>
         <load_address>0xcc3b</load_address>
         <run_address>0xcc3b</run_address>
         <size>0x51</size>
         <input_file_ref idref="fl-d1"/>
      </object_component>
      <object_component id="oc-21d">
         <name>.debug_info</name>
         <load_address>0xcc8c</load_address>
         <run_address>0xcc8c</run_address>
         <size>0x3c7</size>
         <input_file_ref idref="fl-d2"/>
      </object_component>
      <object_component id="oc-303">
         <name>.debug_info</name>
         <load_address>0xd053</load_address>
         <run_address>0xd053</run_address>
         <size>0x163</size>
         <input_file_ref idref="fl-d2"/>
      </object_component>
      <object_component id="oc-306">
         <name>.debug_info</name>
         <load_address>0xd1b6</load_address>
         <run_address>0xd1b6</run_address>
         <size>0x175</size>
         <input_file_ref idref="fl-d2"/>
      </object_component>
      <object_component id="oc-1ad">
         <name>.debug_info</name>
         <load_address>0xd32b</load_address>
         <run_address>0xd32b</run_address>
         <size>0x293</size>
         <input_file_ref idref="fl-d2"/>
      </object_component>
      <object_component id="oc-182">
         <name>.debug_info</name>
         <load_address>0xd5be</load_address>
         <run_address>0xd5be</run_address>
         <size>0x2c3</size>
         <input_file_ref idref="fl-d2"/>
      </object_component>
      <object_component id="oc-27d">
         <name>.debug_info</name>
         <load_address>0xd881</load_address>
         <run_address>0xd881</run_address>
         <size>0x2f4</size>
         <input_file_ref idref="fl-d2"/>
      </object_component>
      <object_component id="oc-188">
         <name>.debug_info</name>
         <load_address>0xdb75</load_address>
         <run_address>0xdb75</run_address>
         <size>0x2ed</size>
         <input_file_ref idref="fl-d2"/>
      </object_component>
      <object_component id="oc-18e">
         <name>.debug_info</name>
         <load_address>0xde62</load_address>
         <run_address>0xde62</run_address>
         <size>0x29d</size>
         <input_file_ref idref="fl-d2"/>
      </object_component>
      <object_component id="oc-1a0">
         <name>.debug_info</name>
         <load_address>0xe0ff</load_address>
         <run_address>0xe0ff</run_address>
         <size>0x29b</size>
         <input_file_ref idref="fl-d2"/>
      </object_component>
      <object_component id="oc-db">
         <name>.debug_info</name>
         <load_address>0xe39a</load_address>
         <run_address>0xe39a</run_address>
         <size>0x288</size>
         <input_file_ref idref="fl-d2"/>
      </object_component>
      <object_component id="oc-194">
         <name>.debug_info</name>
         <load_address>0xe622</load_address>
         <run_address>0xe622</run_address>
         <size>0x28a</size>
         <input_file_ref idref="fl-d2"/>
      </object_component>
      <object_component id="oc-17c">
         <name>.debug_info</name>
         <load_address>0xe8ac</load_address>
         <run_address>0xe8ac</run_address>
         <size>0x295</size>
         <input_file_ref idref="fl-d2"/>
      </object_component>
      <object_component id="oc-278">
         <name>.debug_info</name>
         <load_address>0xeb41</load_address>
         <run_address>0xeb41</run_address>
         <size>0x3cb</size>
         <input_file_ref idref="fl-d3"/>
      </object_component>
      <object_component id="oc-1f7">
         <name>.debug_info</name>
         <load_address>0xef0c</load_address>
         <run_address>0xef0c</run_address>
         <size>0x250</size>
         <input_file_ref idref="fl-d3"/>
      </object_component>
      <object_component id="oc-272">
         <name>.debug_info</name>
         <load_address>0xf15c</load_address>
         <run_address>0xf15c</run_address>
         <size>0x252</size>
         <input_file_ref idref="fl-d3"/>
      </object_component>
      <object_component id="oc-170">
         <name>.debug_info</name>
         <load_address>0xf3ae</load_address>
         <run_address>0xf3ae</run_address>
         <size>0x32f</size>
         <input_file_ref idref="fl-d3"/>
      </object_component>
      <object_component id="oc-176">
         <name>.debug_info</name>
         <load_address>0xf6dd</load_address>
         <run_address>0xf6dd</run_address>
         <size>0x27c</size>
         <input_file_ref idref="fl-d3"/>
      </object_component>
      <object_component id="oc-1fd">
         <name>.debug_info</name>
         <load_address>0xf959</load_address>
         <run_address>0xf959</run_address>
         <size>0x256</size>
         <input_file_ref idref="fl-d3"/>
      </object_component>
      <object_component id="oc-357">
         <name>.debug_info</name>
         <load_address>0xfbaf</load_address>
         <run_address>0xfbaf</run_address>
         <size>0x97</size>
      </object_component>
      <object_component id="oc-6f">
         <name>.debug_line</name>
         <load_address>0x0</load_address>
         <run_address>0x0</run_address>
         <size>0x41</size>
         <input_file_ref idref="fl-2"/>
      </object_component>
      <object_component id="oc-2e">
         <name>.debug_line</name>
         <load_address>0x41</load_address>
         <run_address>0x41</run_address>
         <size>0x41</size>
         <input_file_ref idref="fl-2"/>
      </object_component>
      <object_component id="oc-2c">
         <name>.debug_line</name>
         <load_address>0x82</load_address>
         <run_address>0x82</run_address>
         <size>0xa1</size>
         <input_file_ref idref="fl-2"/>
      </object_component>
      <object_component id="oc-73">
         <name>.debug_line</name>
         <load_address>0x123</load_address>
         <run_address>0x123</run_address>
         <size>0x6f</size>
         <input_file_ref idref="fl-2"/>
      </object_component>
      <object_component id="oc-39">
         <name>.debug_line</name>
         <load_address>0x192</load_address>
         <run_address>0x192</run_address>
         <size>0x20</size>
         <input_file_ref idref="fl-2"/>
      </object_component>
      <object_component id="oc-b0">
         <name>.debug_line</name>
         <load_address>0x1b2</load_address>
         <run_address>0x1b2</run_address>
         <size>0x73</size>
         <input_file_ref idref="fl-2"/>
      </object_component>
      <object_component id="oc-78">
         <name>.debug_line</name>
         <load_address>0x225</load_address>
         <run_address>0x225</run_address>
         <size>0x70</size>
         <input_file_ref idref="fl-2"/>
      </object_component>
      <object_component id="oc-29e">
         <name>.debug_line</name>
         <load_address>0x295</load_address>
         <run_address>0x295</run_address>
         <size>0x177</size>
         <input_file_ref idref="fl-3"/>
      </object_component>
      <object_component id="oc-c3">
         <name>.debug_line</name>
         <load_address>0x40c</load_address>
         <run_address>0x40c</run_address>
         <size>0x1fc</size>
         <input_file_ref idref="fl-3"/>
      </object_component>
      <object_component id="oc-22a">
         <name>.debug_line</name>
         <load_address>0x608</load_address>
         <run_address>0x608</run_address>
         <size>0x50</size>
         <input_file_ref idref="fl-3"/>
      </object_component>
      <object_component id="oc-f3">
         <name>.debug_line</name>
         <load_address>0x658</load_address>
         <run_address>0x658</run_address>
         <size>0x20</size>
         <input_file_ref idref="fl-3"/>
      </object_component>
      <object_component id="oc-bc">
         <name>.debug_line</name>
         <load_address>0x678</load_address>
         <run_address>0x678</run_address>
         <size>0x6b</size>
         <input_file_ref idref="fl-3"/>
      </object_component>
      <object_component id="oc-218">
         <name>.debug_line</name>
         <load_address>0x6e3</load_address>
         <run_address>0x6e3</run_address>
         <size>0x6b</size>
         <input_file_ref idref="fl-3"/>
      </object_component>
      <object_component id="oc-226">
         <name>.debug_line</name>
         <load_address>0x74e</load_address>
         <run_address>0x74e</run_address>
         <size>0x31</size>
         <input_file_ref idref="fl-4"/>
      </object_component>
      <object_component id="oc-9f">
         <name>.debug_line</name>
         <load_address>0x77f</load_address>
         <run_address>0x77f</run_address>
         <size>0xa9</size>
         <input_file_ref idref="fl-4"/>
      </object_component>
      <object_component id="oc-2be">
         <name>.debug_line</name>
         <load_address>0x828</load_address>
         <run_address>0x828</run_address>
         <size>0x8e</size>
         <input_file_ref idref="fl-5"/>
      </object_component>
      <object_component id="oc-2b1">
         <name>.debug_line</name>
         <load_address>0x8b6</load_address>
         <run_address>0x8b6</run_address>
         <size>0x36</size>
         <input_file_ref idref="fl-5"/>
      </object_component>
      <object_component id="oc-2bc">
         <name>.debug_line</name>
         <load_address>0x8ec</load_address>
         <run_address>0x8ec</run_address>
         <size>0x36</size>
         <input_file_ref idref="fl-5"/>
      </object_component>
      <object_component id="oc-2b3">
         <name>.debug_line</name>
         <load_address>0x922</load_address>
         <run_address>0x922</run_address>
         <size>0x36</size>
         <input_file_ref idref="fl-5"/>
      </object_component>
      <object_component id="oc-2af">
         <name>.debug_line</name>
         <load_address>0x958</load_address>
         <run_address>0x958</run_address>
         <size>0x36</size>
         <input_file_ref idref="fl-5"/>
      </object_component>
      <object_component id="oc-d3">
         <name>.debug_line</name>
         <load_address>0x98e</load_address>
         <run_address>0x98e</run_address>
         <size>0x28c</size>
         <input_file_ref idref="fl-5"/>
      </object_component>
      <object_component id="oc-20c">
         <name>.debug_line</name>
         <load_address>0xc1a</load_address>
         <run_address>0xc1a</run_address>
         <size>0x5b</size>
         <input_file_ref idref="fl-c0"/>
      </object_component>
      <object_component id="oc-bf">
         <name>.debug_line</name>
         <load_address>0xc75</load_address>
         <run_address>0xc75</run_address>
         <size>0x92</size>
         <input_file_ref idref="fl-c1"/>
      </object_component>
      <object_component id="oc-49">
         <name>.debug_line</name>
         <load_address>0xd07</load_address>
         <run_address>0xd07</run_address>
         <size>0x56</size>
         <input_file_ref idref="fl-c1"/>
      </object_component>
      <object_component id="oc-8c">
         <name>.debug_line</name>
         <load_address>0xd5d</load_address>
         <run_address>0xd5d</run_address>
         <size>0x34</size>
         <input_file_ref idref="fl-c1"/>
      </object_component>
      <object_component id="oc-87">
         <name>.debug_line</name>
         <load_address>0xd91</load_address>
         <run_address>0xd91</run_address>
         <size>0x20</size>
         <input_file_ref idref="fl-c2"/>
      </object_component>
      <object_component id="oc-1c">
         <name>.debug_line</name>
         <load_address>0xdb1</load_address>
         <run_address>0xdb1</run_address>
         <size>0x55</size>
         <input_file_ref idref="fl-c2"/>
      </object_component>
      <object_component id="oc-44">
         <name>.debug_line</name>
         <load_address>0xe06</load_address>
         <run_address>0xe06</run_address>
         <size>0x3a</size>
         <input_file_ref idref="fl-c2"/>
      </object_component>
      <object_component id="oc-84">
         <name>.debug_line</name>
         <load_address>0xe40</load_address>
         <run_address>0xe40</run_address>
         <size>0x92</size>
         <input_file_ref idref="fl-c2"/>
      </object_component>
      <object_component id="oc-b8">
         <name>.debug_line</name>
         <load_address>0xed2</load_address>
         <run_address>0xed2</run_address>
         <size>0x20</size>
         <input_file_ref idref="fl-c3"/>
      </object_component>
      <object_component id="oc-18">
         <name>.debug_line</name>
         <load_address>0xef2</load_address>
         <run_address>0xef2</run_address>
         <size>0xa9</size>
         <input_file_ref idref="fl-c3"/>
      </object_component>
      <object_component id="oc-34">
         <name>.debug_line</name>
         <load_address>0xf9b</load_address>
         <run_address>0xf9b</run_address>
         <size>0x3a</size>
         <input_file_ref idref="fl-c3"/>
      </object_component>
      <object_component id="oc-b5">
         <name>.debug_line</name>
         <load_address>0xfd5</load_address>
         <run_address>0xfd5</run_address>
         <size>0x9a</size>
         <input_file_ref idref="fl-c3"/>
      </object_component>
      <object_component id="oc-7d">
         <name>.debug_line</name>
         <load_address>0x106f</load_address>
         <run_address>0x106f</run_address>
         <size>0x96</size>
         <input_file_ref idref="fl-c3"/>
      </object_component>
      <object_component id="oc-6c">
         <name>.debug_line</name>
         <load_address>0x1105</load_address>
         <run_address>0x1105</run_address>
         <size>0x33</size>
         <input_file_ref idref="fl-c4"/>
      </object_component>
      <object_component id="oc-5d">
         <name>.debug_line</name>
         <load_address>0x1138</load_address>
         <run_address>0x1138</run_address>
         <size>0x45</size>
         <input_file_ref idref="fl-c4"/>
      </object_component>
      <object_component id="oc-2b5">
         <name>.debug_line</name>
         <load_address>0x117d</load_address>
         <run_address>0x117d</run_address>
         <size>0x37</size>
         <input_file_ref idref="fl-c5"/>
      </object_component>
      <object_component id="oc-3f">
         <name>.debug_line</name>
         <load_address>0x11b4</load_address>
         <run_address>0x11b4</run_address>
         <size>0x88</size>
         <input_file_ref idref="fl-c6"/>
      </object_component>
      <object_component id="oc-2da">
         <name>.debug_line</name>
         <load_address>0x123c</load_address>
         <run_address>0x123c</run_address>
         <size>0xbf</size>
         <input_file_ref idref="fl-c8"/>
      </object_component>
      <object_component id="oc-106">
         <name>.debug_line</name>
         <load_address>0x12fb</load_address>
         <run_address>0x12fb</run_address>
         <size>0x6f</size>
         <input_file_ref idref="fl-c8"/>
      </object_component>
      <object_component id="oc-2de">
         <name>.debug_line</name>
         <load_address>0x136a</load_address>
         <run_address>0x136a</run_address>
         <size>0x2e</size>
         <input_file_ref idref="fl-c8"/>
      </object_component>
      <object_component id="oc-311">
         <name>.debug_line</name>
         <load_address>0x1398</load_address>
         <run_address>0x1398</run_address>
         <size>0x9a</size>
         <input_file_ref idref="fl-c8"/>
      </object_component>
      <object_component id="oc-2e3">
         <name>.debug_line</name>
         <load_address>0x1432</load_address>
         <run_address>0x1432</run_address>
         <size>0x97</size>
         <input_file_ref idref="fl-c8"/>
      </object_component>
      <object_component id="oc-2e8">
         <name>.debug_line</name>
         <load_address>0x14c9</load_address>
         <run_address>0x14c9</run_address>
         <size>0x93</size>
         <input_file_ref idref="fl-c8"/>
      </object_component>
      <object_component id="oc-99">
         <name>.debug_line</name>
         <load_address>0x155c</load_address>
         <run_address>0x155c</run_address>
         <size>0x40</size>
         <input_file_ref idref="fl-c9"/>
      </object_component>
      <object_component id="oc-fa">
         <name>.debug_line</name>
         <load_address>0x159c</load_address>
         <run_address>0x159c</run_address>
         <size>0x3c</size>
         <input_file_ref idref="fl-cb"/>
      </object_component>
      <object_component id="oc-2a5">
         <name>.debug_line</name>
         <load_address>0x15d8</load_address>
         <run_address>0x15d8</run_address>
         <size>0x82</size>
         <input_file_ref idref="fl-ce"/>
      </object_component>
      <object_component id="oc-1be">
         <name>.debug_line</name>
         <load_address>0x165a</load_address>
         <run_address>0x165a</run_address>
         <size>0xa7</size>
         <input_file_ref idref="fl-ce"/>
      </object_component>
      <object_component id="oc-1d0">
         <name>.debug_line</name>
         <load_address>0x1701</load_address>
         <run_address>0x1701</run_address>
         <size>0x91</size>
         <input_file_ref idref="fl-ce"/>
      </object_component>
      <object_component id="oc-1dc">
         <name>.debug_line</name>
         <load_address>0x1792</load_address>
         <run_address>0x1792</run_address>
         <size>0x9c</size>
         <input_file_ref idref="fl-ce"/>
      </object_component>
      <object_component id="oc-1b8">
         <name>.debug_line</name>
         <load_address>0x182e</load_address>
         <run_address>0x182e</run_address>
         <size>0xa4</size>
         <input_file_ref idref="fl-ce"/>
      </object_component>
      <object_component id="oc-c9">
         <name>.debug_line</name>
         <load_address>0x18d2</load_address>
         <run_address>0x18d2</run_address>
         <size>0x91</size>
         <input_file_ref idref="fl-ce"/>
      </object_component>
      <object_component id="oc-28d">
         <name>.debug_line</name>
         <load_address>0x1963</load_address>
         <run_address>0x1963</run_address>
         <size>0xa2</size>
         <input_file_ref idref="fl-ce"/>
      </object_component>
      <object_component id="oc-1a6">
         <name>.debug_line</name>
         <load_address>0x1a05</load_address>
         <run_address>0x1a05</run_address>
         <size>0x9b</size>
         <input_file_ref idref="fl-ce"/>
      </object_component>
      <object_component id="oc-1c4">
         <name>.debug_line</name>
         <load_address>0x1aa0</load_address>
         <run_address>0x1aa0</run_address>
         <size>0x98</size>
         <input_file_ref idref="fl-ce"/>
      </object_component>
      <object_component id="oc-1ca">
         <name>.debug_line</name>
         <load_address>0x1b38</load_address>
         <run_address>0x1b38</run_address>
         <size>0x92</size>
         <input_file_ref idref="fl-ce"/>
      </object_component>
      <object_component id="oc-1d6">
         <name>.debug_line</name>
         <load_address>0x1bca</load_address>
         <run_address>0x1bca</run_address>
         <size>0x91</size>
         <input_file_ref idref="fl-ce"/>
      </object_component>
      <object_component id="oc-2a9">
         <name>.debug_line</name>
         <load_address>0x1c5b</load_address>
         <run_address>0x1c5b</run_address>
         <size>0x71</size>
         <input_file_ref idref="fl-ce"/>
      </object_component>
      <object_component id="oc-2a2">
         <name>.debug_line</name>
         <load_address>0x1ccc</load_address>
         <run_address>0x1ccc</run_address>
         <size>0x75</size>
         <input_file_ref idref="fl-ce"/>
      </object_component>
      <object_component id="oc-296">
         <name>.debug_line</name>
         <load_address>0x1d41</load_address>
         <run_address>0x1d41</run_address>
         <size>0x71</size>
         <input_file_ref idref="fl-ce"/>
      </object_component>
      <object_component id="oc-1ed">
         <name>.debug_line</name>
         <load_address>0x1db2</load_address>
         <run_address>0x1db2</run_address>
         <size>0x72</size>
         <input_file_ref idref="fl-ce"/>
      </object_component>
      <object_component id="oc-2c0">
         <name>.debug_line</name>
         <load_address>0x1e24</load_address>
         <run_address>0x1e24</run_address>
         <size>0x82</size>
         <input_file_ref idref="fl-cf"/>
      </object_component>
      <object_component id="oc-31b">
         <name>.debug_line</name>
         <load_address>0x1ea6</load_address>
         <run_address>0x1ea6</run_address>
         <size>0x7d</size>
         <input_file_ref idref="fl-cf"/>
      </object_component>
      <object_component id="oc-31d">
         <name>.debug_line</name>
         <load_address>0x1f23</load_address>
         <run_address>0x1f23</run_address>
         <size>0x7d</size>
         <input_file_ref idref="fl-cf"/>
      </object_component>
      <object_component id="oc-2fe">
         <name>.debug_line</name>
         <load_address>0x1fa0</load_address>
         <run_address>0x1fa0</run_address>
         <size>0x7d</size>
         <input_file_ref idref="fl-cf"/>
      </object_component>
      <object_component id="oc-251">
         <name>.debug_line</name>
         <load_address>0x201d</load_address>
         <run_address>0x201d</run_address>
         <size>0x95</size>
         <input_file_ref idref="fl-cf"/>
      </object_component>
      <object_component id="oc-149">
         <name>.debug_line</name>
         <load_address>0x20b2</load_address>
         <run_address>0x20b2</run_address>
         <size>0xc4</size>
         <input_file_ref idref="fl-cf"/>
      </object_component>
      <object_component id="oc-16d">
         <name>.debug_line</name>
         <load_address>0x2176</load_address>
         <run_address>0x2176</run_address>
         <size>0x99</size>
         <input_file_ref idref="fl-cf"/>
      </object_component>
      <object_component id="oc-13d">
         <name>.debug_line</name>
         <load_address>0x220f</load_address>
         <run_address>0x220f</run_address>
         <size>0x99</size>
         <input_file_ref idref="fl-cf"/>
      </object_component>
      <object_component id="oc-143">
         <name>.debug_line</name>
         <load_address>0x22a8</load_address>
         <run_address>0x22a8</run_address>
         <size>0x99</size>
         <input_file_ref idref="fl-cf"/>
      </object_component>
      <object_component id="oc-1b5">
         <name>.debug_line</name>
         <load_address>0x2341</load_address>
         <run_address>0x2341</run_address>
         <size>0x99</size>
         <input_file_ref idref="fl-cf"/>
      </object_component>
      <object_component id="oc-1e5">
         <name>.debug_line</name>
         <load_address>0x23da</load_address>
         <run_address>0x23da</run_address>
         <size>0x92</size>
         <input_file_ref idref="fl-cf"/>
      </object_component>
      <object_component id="oc-167">
         <name>.debug_line</name>
         <load_address>0x246c</load_address>
         <run_address>0x246c</run_address>
         <size>0xa7</size>
         <input_file_ref idref="fl-cf"/>
      </object_component>
      <object_component id="oc-25b">
         <name>.debug_line</name>
         <load_address>0x2513</load_address>
         <run_address>0x2513</run_address>
         <size>0xa6</size>
         <input_file_ref idref="fl-cf"/>
      </object_component>
      <object_component id="oc-14f">
         <name>.debug_line</name>
         <load_address>0x25b9</load_address>
         <run_address>0x25b9</run_address>
         <size>0x95</size>
         <input_file_ref idref="fl-cf"/>
      </object_component>
      <object_component id="oc-15b">
         <name>.debug_line</name>
         <load_address>0x264e</load_address>
         <run_address>0x264e</run_address>
         <size>0x92</size>
         <input_file_ref idref="fl-cf"/>
      </object_component>
      <object_component id="oc-155">
         <name>.debug_line</name>
         <load_address>0x26e0</load_address>
         <run_address>0x26e0</run_address>
         <size>0x99</size>
         <input_file_ref idref="fl-cf"/>
      </object_component>
      <object_component id="oc-d8">
         <name>.debug_line</name>
         <load_address>0x2779</load_address>
         <run_address>0x2779</run_address>
         <size>0x92</size>
         <input_file_ref idref="fl-cf"/>
      </object_component>
      <object_component id="oc-19d">
         <name>.debug_line</name>
         <load_address>0x280b</load_address>
         <run_address>0x280b</run_address>
         <size>0x92</size>
         <input_file_ref idref="fl-cf"/>
      </object_component>
      <object_component id="oc-161">
         <name>.debug_line</name>
         <load_address>0x289d</load_address>
         <run_address>0x289d</run_address>
         <size>0x92</size>
         <input_file_ref idref="fl-cf"/>
      </object_component>
      <object_component id="oc-321">
         <name>.debug_line</name>
         <load_address>0x292f</load_address>
         <run_address>0x292f</run_address>
         <size>0x7c</size>
         <input_file_ref idref="fl-d0"/>
      </object_component>
      <object_component id="oc-323">
         <name>.debug_line</name>
         <load_address>0x29ab</load_address>
         <run_address>0x29ab</run_address>
         <size>0x82</size>
         <input_file_ref idref="fl-d0"/>
      </object_component>
      <object_component id="oc-31f">
         <name>.debug_line</name>
         <load_address>0x2a2d</load_address>
         <run_address>0x2a2d</run_address>
         <size>0x82</size>
         <input_file_ref idref="fl-d0"/>
      </object_component>
      <object_component id="oc-261">
         <name>.debug_line</name>
         <load_address>0x2aaf</load_address>
         <run_address>0x2aaf</run_address>
         <size>0xaf</size>
         <input_file_ref idref="fl-d0"/>
      </object_component>
      <object_component id="oc-264">
         <name>.debug_line</name>
         <load_address>0x2b5e</load_address>
         <run_address>0x2b5e</run_address>
         <size>0xc2</size>
         <input_file_ref idref="fl-d0"/>
      </object_component>
      <object_component id="oc-2c4">
         <name>.debug_line</name>
         <load_address>0x2c20</load_address>
         <run_address>0x2c20</run_address>
         <size>0x13d</size>
         <input_file_ref idref="fl-d1"/>
      </object_component>
      <object_component id="oc-2ca">
         <name>.debug_line</name>
         <load_address>0x2d5d</load_address>
         <run_address>0x2d5d</run_address>
         <size>0x7f</size>
         <input_file_ref idref="fl-d1"/>
      </object_component>
      <object_component id="oc-1f1">
         <name>.debug_line</name>
         <load_address>0x2ddc</load_address>
         <run_address>0x2ddc</run_address>
         <size>0x94</size>
         <input_file_ref idref="fl-d1"/>
      </object_component>
      <object_component id="oc-134">
         <name>.debug_line</name>
         <load_address>0x2e70</load_address>
         <run_address>0x2e70</run_address>
         <size>0x94</size>
[...]
         <unused_space>0x3e0ec</unused_space>
         <attributes>RX</attributes>
         <usage_details>
            <allocated_space>
               <start_address>0x0</start_address>
               <size>0x26c</size>
               <logical_group_ref idref="lg-3"/>
            </allocated_space>
            <allocated_space>
               <start_address>0x26c</start_address>
               <size>0x1900</size>
               <logical_group_ref idref="lg-4"/>
            </allocated_space>
            <allocated_space>
               <start_address>0x1b6c</start_address>
               <size>0x378</size>
               <logical_group_ref idref="lg-5"/>
            </allocated_space>
            <available_space>
               <start_address>0x1ee4</start_address>
               <size>0x4</size>
            </available_space>
            <allocated_space>
               <start_address>0x1ee8</start_address>
               <size>0x30</size>
               <logical_group_ref idref="lg-6"/>
            </allocated_space>
            <available_space>
               <start_address>0x1f18</start_address>
               <size>0x3e0e8</size>
            </available_space>
         </usage_details>
      </memory_area>
      <memory_area display="yes" color="green">
         <name>SRAM</name>
         <page_id>0x0</page_id>
         <origin>0x20000000</origin>
         <length>0x8000</length>
         <used_space>0x47d</used_space>
         <unused_space>0x7b83</unused_space>
         <attributes>RWX</attributes>
         <usage_details>
            <allocated_space>
               <start_address>0x20000000</start_address>
               <size>0x0</size>
               <logical_group_ref idref="lg-32a"/>
            </allocated_space>
            <allocated_space>
               <start_address>0x20000000</start_address>
               <size>0x26c</size>
               <logical_group_ref idref="lg-9"/>
            </allocated_space>
            <available_space>
               <start_address>0x2000026c</start_address>
               <size>0x4</size>
            </available_space>
            <allocated_space>
               <start_address>0x20000270</start_address>
               <size>0x200</size>
               <logical_group_ref idref="lg-d"/>
            </allocated_space>
            <allocated_space>
               <start_address>0x20000470</start_address>
               <size>0x11</size>
               <logical_group_ref idref="lg-a"/>
            </allocated_space>
            <available_space>
               <start_address>0x20000481</start_address>
               <size>0x7b7f</size>
            </available_space>
         </usage_details>
      </memory_area>
   </placement_map>
   <cptbl_list>
      <cptbl>
         <name>__TI_cinit_table</name>
         <cprec>
            <name>.data</name>
            <load_address>0x1ef4</load_address>
            <load_size>0x9</load_size>
            <run_address>0x20000470</run_address>
            <run_size>0x11</run_size>
            <compression>lzss</compression>
         </cprec>
         <cprec>
            <name>.vtable</name>
            <load_address>0x1f00</load_address>
            <load_size>0x8</load_size>
            <run_address>0x20000000</run_address>
            <run_size>0x26c</run_size>
            <compression>zero_init</compression>
         </cprec>
      </cptbl>
   </cptbl_list>
   <handler_table>
      <handler_table_name>__TI_handler_table</handler_table_name>
      <handler>
         <index>0x0</index>
         <name>__TI_zero_init</name>
      </handler>
      <handler>
         <index>0x1</index>
         <name>__TI_decompress_lzss</name>
      </handler>
      <handler>
         <index>0x2</index>
         <name>__TI_decompress_none</name>
      </handler>
   </handler_table>
   <symbol_table>
      <symbol id="sm-1">
         <name>__STACK_TOP</name>
         <value>0x20000470</value>
      </symbol>
      <symbol id="sm-2">
         <name>__start___llvm_prf_cnts</name>
         <value>0x20000000</value>
      </symbol>
      <symbol id="sm-3">
         <name>__stop___llvm_prf_cnts</name>
         <value>0x20000000</value>
      </symbol>
      <symbol id="sm-4">
         <name>__TI_CINIT_Base</name>
         <value>0x1f08</value>
      </symbol>
      <symbol id="sm-5">
         <name>__TI_CINIT_Limit</name>
         <value>0x1f18</value>
      </symbol>
      <symbol id="sm-6">
         <name>__TI_Handler_Table_Base</name>
         <value>0x1ee8</value>
      </symbol>
      <symbol id="sm-7">
         <name>__TI_Handler_Table_Limit</name>
         <value>0x1ef4</value>
      </symbol>
      <symbol id="sm-8">
         <name>binit</name>
         <value>0xffffffff</value>
      </symbol>
      <symbol id="sm-9">
         <name>__binit__</name>
         <value>0xffffffff</value>
      </symbol>
      <symbol id="sm-a">
         <name>__STACK_SIZE</name>
         <value>0x200</value>
      </symbol>
      <symbol id="sm-b">
         <name>__STACK_END</name>
         <value>0x20000470</value>
      </symbol>
      <symbol id="sm-c">
         <name>__c_args__</name>
         <value>0xffffffff</value>
      </symbol>
      <symbol id="sm-d">
         <name>__TI_pprof_out_hndl</name>
         <value>0xffffffff</value>
      </symbol>
      <symbol id="sm-e">
         <name>__TI_prof_data_start</name>
         <value>0xffffffff</value>
      </symbol>
      <symbol id="sm-f">
         <name>__TI_prof_data_size</name>
         <value>0xffffffff</value>
      </symbol>
      <symbol id="sm-56">
         <name>ResetISR</name>
         <value>0x1b13</value>
         <object_component_ref idref="oc-27"/>
      </symbol>
      <symbol id="sm-57">
         <name>g_pfnVectors</name>
         <value>0x0</value>
         <object_component_ref idref="oc-12"/>
      </symbol>
      <symbol id="sm-c6">
         <name>initTimer</name>
         <value>0x3c3</value>
         <object_component_ref idref="oc-c2"/>
      </symbol>
      <symbol id="sm-c7">
         <name>initLEDs</name>
         <value>0x2db</value>
         <object_component_ref idref="oc-c2"/>
      </symbol>
      <symbol id="sm-c8">
         <name>initSignalInterrupt</name>
         <value>0x7ab</value>
         <object_component_ref idref="oc-c2"/>
      </symbol>
      <symbol id="sm-c9">
         <name>intADCHandler</name>
         <value>0x77f</value>
         <object_component_ref idref="oc-c2"/>
      </symbol>
      <symbol id="sm-ca">
         <name>initButtonInterrupt</name>
         <value>0x303</value>
         <object_component_ref idref="oc-c2"/>
      </symbol>
      <symbol id="sm-cb">
         <name>initWSS</name>
         <value>0x26d</value>
         <object_component_ref idref="oc-c2"/>
      </symbol>
      <symbol id="sm-cc">
         <name>intSignalHandler</name>
         <value>0x7e3</value>
         <object_component_ref idref="oc-c2"/>
      </symbol>
      <symbol id="sm-cd">
         <name>intButtonHandler</name>
         <value>0x33b</value>
         <object_component_ref idref="oc-c2"/>
      </symbol>
      <symbol id="sm-ce">
         <name>UARTSendString</name>
         <value>0x3a3</value>
         <object_component_ref idref="oc-c2"/>
      </symbol>
      <symbol id="sm-cf">
         <name>initADC</name>
         <value>0x72d</value>
         <object_component_ref idref="oc-c2"/>
      </symbol>
      <symbol id="sm-d0">
         <name>turnOnLED</name>
         <value>0x2f3</value>
         <object_component_ref idref="oc-c2"/>
      </symbol>
      <symbol id="sm-d1">
         <name>intTimerHandler</name>
         <value>0x689</value>
         <object_component_ref idref="oc-c2"/>
      </symbol>
      <symbol id="sm-d2">
         <name>initUART</name>
         <value>0x35d</value>
         <object_component_ref idref="oc-c2"/>
      </symbol>
      <symbol id="sm-106">
         <name>main</name>
         <value>0xdd1</value>
         <object_component_ref idref="oc-9b"/>
      </symbol>
      <symbol id="sm-107">
         <name>initSystemClockFreq</name>
         <value>0xe99</value>
         <object_component_ref idref="oc-9b"/>
      </symbol>
      <symbol id="sm-108">
         <name>WSSController</name>
         <value>0x20000470</value>
         <object_component_ref idref="oc-ec"/>
      </symbol>
      <symbol id="sm-178">
         <name>UARTgetc</name>
         <value>0xa79</value>
         <object_component_ref idref="oc-ce"/>
      </symbol>
      <symbol id="sm-179">
         <name>UARTgets</name>
         <value>0x9bf</value>
         <object_component_ref idref="oc-ce"/>
      </symbol>
      <symbol id="sm-17a">
         <name>UARTStdioConfig</name>
         <value>0x929</value>
         <object_component_ref idref="oc-ce"/>
      </symbol>
      <symbol id="sm-17b">
         <name>UARTwrite</name>
         <value>0x96f</value>
         <object_component_ref idref="oc-ce"/>
      </symbol>
      <symbol id="sm-17c">
         <name>UARTprintf</name>
         <value>0xd9b</value>
         <object_component_ref idref="oc-ce"/>
      </symbol>
      <symbol id="sm-17d">
         <name>UARTvprintf</name>
         <value>0xaa1</value>
         <object_component_ref idref="oc-ce"/>
      </symbol>
      <symbol id="sm-18c">
         <name>__aeabi_uidivmod</name>
         <value>0x17ed</value>
         <object_component_ref idref="oc-20b"/>
      </symbol>
      <symbol id="sm-18d">
         <name>__aeabi_uidiv</name>
         <value>0x17ed</value>
         <object_component_ref idref="oc-20b"/>
      </symbol>
      <symbol id="sm-1a1">
         <name>__TI_zero_init_nomemset</name>
         <value>0x199b</value>
         <object_component_ref idref="oc-47"/>
      </symbol>
      <symbol id="sm-1b8">
         <name>__TI_decompress_none</name>
         <value>0x1af9</value>
         <object_component_ref idref="oc-1b"/>
      </symbol>
      <symbol id="sm-1db">
         <name>__TI_decompress_lzss</name>
         <value>0x14c5</value>
         <object_component_ref idref="oc-15"/>
      </symbol>
      <symbol id="sm-1ee">
         <name>__stack</name>
         <value>0x20000270</value>
         <object_component_ref idref="oc-24"/>
      </symbol>
      <symbol id="sm-1ef">
         <name>_c_int00_noargs</name>
         <value>0x18cd</value>
         <object_component_ref idref="oc-59"/>
      </symbol>
      <symbol id="sm-1f9">
         <name>__aeabi_idiv0</name>
         <value>0x145b</value>
         <object_component_ref idref="oc-2b4"/>
      </symbol>
      <symbol id="sm-1fa">
         <name>__aeabi_ldiv0</name>
         <value>0x145b</value>
         <object_component_ref idref="oc-2b4"/>
      </symbol>
      <symbol id="sm-215">
         <name>memcpy</name>
         <value>0x1345</value>
         <object_component_ref idref="oc-3b"/>
      </symbol>
      <symbol id="sm-216">
         <name>__aeabi_memcpy</name>
         <value>0x1345</value>
         <object_component_ref idref="oc-3b"/>
      </symbol>
      <symbol id="sm-217">
         <name>__aeabi_memcpy8</name>
         <value>0x1345</value>
         <object_component_ref idref="oc-3b"/>
      </symbol>
      <symbol id="sm-218">
         <name>__aeabi_memcpy4</name>
         <value>0x1345</value>
         <object_component_ref idref="oc-3b"/>
      </symbol>
      <symbol id="sm-241">
         <name>__TI_auto_init_nobinit_nopinit</name>
         <value>0x17a9</value>
         <object_component_ref idref="oc-101"/>
      </symbol>
      <symbol id="sm-24b">
         <name>_system_pre_init</name>
         <value>0x1b65</value>
         <object_component_ref idref="oc-95"/>
      </symbol>
      <symbol id="sm-257">
         <name>C$$EXIT</name>
         <value>0x1b69</value>
         <object_component_ref idref="oc-f5"/>
      </symbol>
      <symbol id="sm-258">
         <name>abort</name>
         <value>0x1b69</value>
         <object_component_ref idref="oc-f5"/>
      </symbol>
      <symbol id="sm-2d6">
         <name>ADCProcessorTrigger</name>
         <value>0x19e9</value>
         <object_component_ref idref="oc-c8"/>
      </symbol>
      <symbol id="sm-2d7">
         <name>ADCSequenceEnable</name>
         <value>0x1ac1</value>
         <object_component_ref idref="oc-1cf"/>
      </symbol>
      <symbol id="sm-2d8">
         <name>ADCSequenceConfigure</name>
         <value>0x1635</value>
         <object_component_ref idref="oc-1b7"/>
      </symbol>
      <symbol id="sm-2d9">
         <name>ADCIntEnable</name>
         <value>0x1ab1</value>
         <object_component_ref idref="oc-1c9"/>
      </symbol>
      <symbol id="sm-2da">
         <name>ADCSequenceStepConfigure</name>
         <value>0x13e1</value>
         <object_component_ref idref="oc-1bd"/>
      </symbol>
      <symbol id="sm-2db">
         <name>ADCIntClear</name>
         <value>0x1b1f</value>
         <object_component_ref idref="oc-1d5"/>
      </symbol>
      <symbol id="sm-2dc">
         <name>ADCIntStatus</name>
         <value>0x1901</value>
         <object_component_ref idref="oc-1a5"/>
      </symbol>
      <symbol id="sm-2dd">
         <name>ADCIntRegister</name>
         <value>0x19d1</value>
         <object_component_ref idref="oc-1c3"/>
      </symbol>
      <symbol id="sm-2de">
         <name>ADCSequenceDataGet</name>
         <value>0x197d</value>
         <object_component_ref idref="oc-1db"/>
      </symbol>
      <symbol id="sm-387">
         <name>GPIOIntRegister</name>
         <value>0x1a01</value>
         <object_component_ref idref="oc-151"/>
      </symbol>
      <symbol id="sm-388">
         <name>GPIOPinConfigure</name>
         <value>0x1685</value>
         <object_component_ref idref="oc-163"/>
      </symbol>
      <symbol id="sm-389">
         <name>GPIOIntDisable</name>
         <value>0x1acf</value>
         <object_component_ref idref="oc-199"/>
      </symbol>
      <symbol id="sm-38a">
         <name>GPIOIntEnable</name>
         <value>0x1b07</value>
         <object_component_ref idref="oc-d4"/>
      </symbol>
      <symbol id="sm-38b">
         <name>GPIOIntTypeSet</name>
         <value>0x158d</value>
         <object_component_ref idref="oc-14b"/>
      </symbol>
      <symbol id="sm-38c">
         <name>GPIOPinTypeADC</name>
         <value>0x1a49</value>
         <object_component_ref idref="oc-1b1"/>
      </symbol>
      <symbol id="sm-38d">
         <name>GPIOPinTypeGPIOInput</name>
         <value>0x1a5f</value>
         <object_component_ref idref="oc-13f"/>
      </symbol>
      <symbol id="sm-38e">
         <name>GPIOIntClear</name>
         <value>0x1b4f</value>
         <object_component_ref idref="oc-15d"/>
      </symbol>
      <symbol id="sm-38f">
         <name>GPIOPinTypeUART</name>
         <value>0x1a75</value>
         <object_component_ref idref="oc-169"/>
      </symbol>
      <symbol id="sm-390">
         <name>GPIOIntStatus</name>
         <value>0x1add</value>
         <object_component_ref idref="oc-157"/>
      </symbol>
      <symbol id="sm-391">
         <name>GPIOPinTypeGPIOOutput</name>
         <value>0x19b7</value>
         <object_component_ref idref="oc-139"/>
      </symbol>
      <symbol id="sm-392">
         <name>GPIOPinRead</name>
         <value>0x1b55</value>
         <object_component_ref idref="oc-1e1"/>
      </symbol>
      <symbol id="sm-393">
         <name>GPIODirModeSet</name>
         <value>0x192f</value>
         <object_component_ref idref="oc-24d"/>
      </symbol>
      <symbol id="sm-394">
         <name>GPIOPadConfigSet</name>
         <value>0xfcd</value>
         <object_component_ref idref="oc-145"/>
      </symbol>
      <symbol id="sm-3c5">
         <name>IntEnable</name>
         <value>0x145d</value>
         <object_component_ref idref="oc-263"/>
      </symbol>
      <symbol id="sm-3c6">
         <name>IntRegister</name>
         <value>0x1865</value>
         <object_component_ref idref="oc-25d"/>
      </symbol>
      <symbol id="sm-3c7">
         <name>g_pfnRAMVectors</name>
         <value>0x20000000</value>
         <object_component_ref idref="oc-2f4"/>
      </symbol>
      <symbol id="sm-425">
         <name>SysCtlPeripheralPresent</name>
         <value>0x182d</value>
         <object_component_ref idref="oc-1f0"/>
      </symbol>
      <symbol id="sm-426">
         <name>SysCtlClockSet</name>
         <value>0x1251</value>
         <object_component_ref idref="oc-e0"/>
      </symbol>
      <symbol id="sm-427">
         <name>SysCtlDelay</name>
         <value>0x1b5b</value>
         <object_component_ref idref="oc-21e"/>
      </symbol>
      <symbol id="sm-428">
         <name>SysCtlPeripheralEnable</name>
         <value>0x1899</value>
         <object_component_ref idref="oc-133"/>
      </symbol>
      <symbol id="sm-429">
         <name>SysCtlClockGet</name>
         <value>0x1139</value>
         <object_component_ref idref="oc-e6"/>
      </symbol>
      <symbol id="sm-496">
         <name>TimerLoadSet</name>
         <value>0x1a9f</value>
         <object_component_ref idref="oc-181"/>
      </symbol>
      <symbol id="sm-497">
         <name>TimerDisable</name>
         <value>0x1a19</value>
         <object_component_ref idref="oc-193"/>
      </symbol>
      <symbol id="sm-498">
         <name>TimerIntRegister</name>
         <value>0x1a31</value>
         <object_component_ref idref="oc-187"/>
      </symbol>
      <symbol id="sm-499">
         <name>TimerEnable</name>
         <value>0x1aeb</value>
         <object_component_ref idref="oc-da"/>
      </symbol>
      <symbol id="sm-49a">
         <name>TimerValueGet</name>
         <value>0x1b29</value>
         <object_component_ref idref="oc-1ab"/>
      </symbol>
      <symbol id="sm-49b">
         <name>TimerIntEnable</name>
         <value>0x1b47</value>
         <object_component_ref idref="oc-18d"/>
      </symbol>
      <symbol id="sm-49c">
         <name>TimerConfigure</name>
         <value>0x152d</value>
         <object_component_ref idref="oc-17b"/>
      </symbol>
      <symbol id="sm-49d">
         <name>TimerIntClear</name>
         <value>0x1b61</value>
         <object_component_ref idref="oc-19f"/>
      </symbol>
      <symbol id="sm-4d0">
         <name>UARTConfigSetExpClk</name>
         <value>0x171d</value>
         <object_component_ref idref="oc-16f"/>
      </symbol>
      <symbol id="sm-4d1">
         <name>UARTDisable</name>
         <value>0x195d</value>
         <object_component_ref idref="oc-271"/>
      </symbol>
      <symbol id="sm-4d2">
         <name>UARTCharPut</name>
         <value>0x1b3d</value>
         <object_component_ref idref="oc-175"/>
      </symbol>
      <symbol id="sm-4d3">
         <name>UARTEnable</name>
         <value>0x1a8b</value>
         <object_component_ref idref="oc-1f6"/>
      </symbol>
      <symbol id="sm-4d4">
         <name>UARTCharGet</name>
         <value>0x1b33</value>
         <object_component_ref idref="oc-1fc"/>
      </symbol>
      <symbol id="sm-4d6">
         <name>__TI_static_base__</name>
         <value>0x0</value>
      </symbol>
      <symbol id="sm-4d9">
         <name>__mpu_init</name>
         <value>0x0</value>
      </symbol>
      <symbol id="sm-4da">
         <name>_system_post_cinit</name>
         <value>0x0</value>
      </symbol>
   </symbol_table>
   <title>Link successful</title>
</link_info>
